### integfcbg
rows in catalog: 54006; dolphot stars (twin-merged): 19034; matched 15461; unmatched dolphot 3573; our rows unmatched to dolphot 38545
| dolphot F200W bin | N dolphot | N matched | frac |
|---|---|---|---|
| <15 | 254 | 254 | 1.000 |
| 15-17 | 1692 | 1687 | 0.997 |
| 17-19 | 2940 | 2931 | 0.997 |
| 19-21 | 3051 | 3013 | 0.988 |
| >=21 | 7058 | 5696 | 0.807 |
| no F200W | 4039 | 1880 | 0.465 |
spike_artifact: 15947 rows flagged in catalog; 113 of the 15461 matched rows flagged (matched without them: 15348); flagged among our unmatched rows: 15834 of 38545
| dolphot F200W bin | matched | matched, spike_artifact rows excluded |
|---|---|---|
| <15 | 254 | 254 |
| 15-17 | 1687 | 1686 |
| 17-19 | 2931 | 2927 |
| 19-21 | 3013 | 3010 |
| >=21 | 5696 | 5656 |

### integfcbg: dm = ours - dolphot after band zero-point (ZP: median over unflagged matched stars in the ZPWIN band window)
| band | ZP | N_unsat | med | MAD | f(abs dm>0.3) | N_repl_sat | med | MAD | f(abs dm>0.3) |
|---|---|---|---|---|---|---|---|---|---|
| F115W | -0.052 | 10185 | +0.009 | 0.052 | 0.107 | 388 | +0.033 | 0.121 | 0.062 |
| F150W | -0.033 | 11105 | +0.005 | 0.038 | 0.102 | 1941 | +0.050 | 0.093 | 0.026 |
| F162M | -0.029 | 11776 | +0.003 | 0.035 | 0.061 | 1496 | +0.063 | 0.090 | 0.021 |
| F182M | -0.023 | 12515 | +0.003 | 0.035 | 0.049 | 754 | +0.003 | 0.086 | 0.020 |
| F200W | -0.020 | 12782 | -0.000 | 0.036 | 0.037 | 672 | +0.003 | 0.094 | 0.028 |
| F250M | +0.021 | 11828 | +0.001 | 0.061 | 0.031 | 938 | +0.074 | 0.096 | 0.076 |
| F277W | +0.034 | 11150 | -0.001 | 0.063 | 0.041 | 1134 | +0.087 | 0.111 | 0.112 |
| F300M | +0.022 | 11256 | +0.004 | 0.059 | 0.031 | 987 | +0.084 | 0.099 | 0.067 |
| F335M | +0.022 | 9419 | +0.003 | 0.070 | 0.049 | 1 | -0.045 | 0.000 | 0.000 |
| F410M | +0.037 | 10370 | +0.007 | 0.062 | 0.049 | 103 | +0.126 | 0.116 | 0.165 |
| F164N | -0.031 | 11019 | +0.006 | 0.034 | 0.057 | 192 | +0.077 | 0.069 | 0.005 |
| F187N | -0.022 | 9589 | +0.005 | 0.031 | 0.032 | 352 | +0.039 | 0.053 | 0.011 |
| F212N | -0.018 | 11128 | +0.005 | 0.031 | 0.032 | 608 | +0.032 | 0.048 | 0.018 |
| F323N | +0.012 | 9781 | +0.009 | 0.055 | 0.030 | 75 | +0.205 | 0.194 | 0.427 |
| F405N | +0.031 | 7672 | +0.012 | 0.061 | 0.039 | 126 | +0.051 | 0.058 | 0.032 |
| F466N | +0.030 | 7770 | -0.005 | 0.058 | 0.026 | 46 | +0.002 | 0.056 | 0.065 |

### integfcbg: bright-end completeness per band (dolphot band mag bin): N_dolphot / matched / matched with band value (our band mag finite)
| band | <15 Ndol | matched | band value | 15-17 Ndol | matched | band value | 17-19 Ndol | matched | band value |
|---|---|---|---|---|---|---|---|---|---|
| F115W | 16 | 16 (1.00) | 16 (1.00) | 334 | 332 (0.99) | 318 (0.95) | 1301 | 1298 (1.00) | 1287 (0.99) |
| F150W | 82 | 82 (1.00) | 80 (0.98) | 882 | 879 (1.00) | 849 (0.96) | 2521 | 2513 (1.00) | 2502 (0.99) |
| F162M | 230 | 229 (1.00) | 215 (0.93) | 1255 | 1251 (1.00) | 1231 (0.98) | 2758 | 2750 (1.00) | 2737 (0.99) |
| F182M | 289 | 289 (1.00) | 275 (0.95) | 1534 | 1530 (1.00) | 1502 (0.98) | 2863 | 2853 (1.00) | 2844 (0.99) |
| F200W | 254 | 254 (1.00) | 238 (0.94) | 1692 | 1687 (1.00) | 1635 (0.97) | 2940 | 2931 (1.00) | 2923 (0.99) |
| F250M | 561 | 561 (1.00) | 485 (0.86) | 2171 | 2167 (1.00) | 2132 (0.98) | 3076 | 3070 (1.00) | 3066 (1.00) |
| F277W | 461 | 461 (1.00) | 370 (0.80) | 2252 | 2248 (1.00) | 2026 (0.90) | 3088 | 3084 (1.00) | 3059 (0.99) |
| F300M | 693 | 693 (1.00) | 591 (0.85) | 2393 | 2389 (1.00) | 2332 (0.97) | 3012 | 3007 (1.00) | 3005 (1.00) |
| F335M | 16 | 16 (1.00) | 16 (1.00) | 2515 | 2509 (1.00) | 2481 (0.99) | 3076 | 3072 (1.00) | 3070 (1.00) |
| F410M | 1138 | 1138 (1.00) | 1032 (0.91) | 2904 | 2901 (1.00) | 2888 (0.99) | 3059 | 3052 (1.00) | 3050 (1.00) |
| F164N | 283 | 283 (1.00) | 274 (0.97) | 1348 | 1344 (1.00) | 1327 (0.98) | 2801 | 2792 (1.00) | 2785 (0.99) |
| F187N | 368 | 367 (1.00) | 359 (0.98) | 1635 | 1631 (1.00) | 1624 (0.99) | 2838 | 2828 (1.00) | 2818 (0.99) |
| F212N | 439 | 438 (1.00) | 431 (0.98) | 1892 | 1886 (1.00) | 1878 (0.99) | 3021 | 3014 (1.00) | 3011 (1.00) |
| F323N | 834 | 834 (1.00) | 814 (0.98) | 2535 | 2533 (1.00) | 2526 (1.00) | 3063 | 3058 (1.00) | 3058 (1.00) |
| F405N | 1211 | 1211 (1.00) | 1186 (0.98) | 2963 | 2959 (1.00) | 2955 (1.00) | 2758 | 2748 (1.00) | 2746 (1.00) |
| F466N | 1294 | 1294 (1.00) | 1273 (0.98) | 2811 | 2810 (1.00) | 2808 (1.00) | 2736 | 2732 (1.00) | 2732 (1.00) |



### mainfcbg
rows in catalog: 58067; dolphot stars (twin-merged): 19034; matched 15740; unmatched dolphot 3294; our rows unmatched to dolphot 42327
| dolphot F200W bin | N dolphot | N matched | frac |
|---|---|---|---|
| <15 | 254 | 254 | 1.000 |
| 15-17 | 1692 | 1688 | 0.998 |
| 17-19 | 2940 | 2927 | 0.996 |
| 19-21 | 3051 | 3008 | 0.986 |
| >=21 | 7058 | 5938 | 0.841 |
| no F200W | 4039 | 1925 | 0.477 |
spike_artifact: 19090 rows flagged in catalog; 132 of the 15740 matched rows flagged (matched without them: 15608); flagged among our unmatched rows: 18958 of 42327
| dolphot F200W bin | matched | matched, spike_artifact rows excluded |
|---|---|---|
| <15 | 254 | 254 |
| 15-17 | 1688 | 1686 |
| 17-19 | 2927 | 2924 |
| 19-21 | 3008 | 3005 |
| >=21 | 5938 | 5889 |

### mainfcbg: dm = ours - dolphot after band zero-point (ZP: median over unflagged matched stars in the ZPWIN band window)
| band | ZP | N_unsat | med | MAD | f(abs dm>0.3) | N_repl_sat | med | MAD | f(abs dm>0.3) |
|---|---|---|---|---|---|---|---|---|---|
| F115W | -0.052 | 10222 | +0.006 | 0.047 | 0.076 | 413 | -0.054 | 0.061 | 0.010 |
| F150W | -0.032 | 11074 | +0.002 | 0.037 | 0.090 | 2132 | -0.034 | 0.053 | 0.009 |
| F162M | -0.029 | 11831 | +0.001 | 0.034 | 0.040 | 1640 | -0.025 | 0.045 | 0.004 |
| F182M | -0.023 | 12621 | +0.003 | 0.034 | 0.044 | 833 | -0.040 | 0.041 | 0.007 |
| F200W | -0.020 | 12919 | -0.000 | 0.036 | 0.036 | 719 | -0.053 | 0.053 | 0.010 |
| F250M | +0.022 | 11694 | +0.001 | 0.062 | 0.033 | 1110 | +0.033 | 0.042 | 0.014 |
| F277W | +0.034 | 10979 | +0.001 | 0.065 | 0.044 | 1374 | +0.037 | 0.055 | 0.015 |
| F300M | +0.023 | 11047 | +0.004 | 0.060 | 0.036 | 1206 | +0.026 | 0.047 | 0.011 |
| F335M | +0.022 | 9425 | +0.003 | 0.071 | 0.051 | 13 | -0.003 | 0.116 | 0.385 |
| F410M | +0.037 | 10309 | +0.007 | 0.063 | 0.049 | 149 | +0.052 | 0.044 | 0.034 |
| F164N | -0.031 | 11025 | +0.003 | 0.030 | 0.026 | 224 | +0.011 | 0.039 | 0.004 |
| F187N | -0.022 | 9579 | +0.004 | 0.030 | 0.027 | 368 | +0.002 | 0.025 | 0.000 |
| F212N | -0.018 | 11089 | +0.003 | 0.030 | 0.021 | 650 | +0.002 | 0.019 | 0.003 |
| F323N | +0.012 | 9770 | +0.008 | 0.055 | 0.030 | 90 | +0.104 | 0.059 | 0.167 |
| F405N | +0.031 | 7659 | +0.012 | 0.061 | 0.037 | 135 | +0.042 | 0.048 | 0.000 |
| F466N | +0.030 | 7762 | -0.006 | 0.058 | 0.024 | 47 | +0.027 | 0.045 | 0.043 |

### mainfcbg: bright-end completeness per band (dolphot band mag bin): N_dolphot / matched / matched with band value (our band mag finite)
| band | <15 Ndol | matched | band value | 15-17 Ndol | matched | band value | 17-19 Ndol | matched | band value |
|---|---|---|---|---|---|---|---|---|---|
| F115W | 16 | 16 (1.00) | 16 (1.00) | 334 | 334 (1.00) | 319 (0.96) | 1301 | 1298 (1.00) | 1283 (0.99) |
| F150W | 82 | 82 (1.00) | 80 (0.98) | 882 | 881 (1.00) | 838 (0.95) | 2521 | 2514 (1.00) | 2491 (0.99) |
| F162M | 230 | 230 (1.00) | 218 (0.95) | 1255 | 1252 (1.00) | 1218 (0.97) | 2758 | 2750 (1.00) | 2723 (0.99) |
| F182M | 289 | 289 (1.00) | 278 (0.96) | 1534 | 1530 (1.00) | 1494 (0.97) | 2863 | 2848 (0.99) | 2833 (0.99) |
| F200W | 254 | 254 (1.00) | 237 (0.93) | 1692 | 1688 (1.00) | 1613 (0.95) | 2940 | 2927 (1.00) | 2918 (0.99) |
| F250M | 561 | 561 (1.00) | 488 (0.87) | 2171 | 2167 (1.00) | 2119 (0.98) | 3076 | 3070 (1.00) | 3060 (0.99) |
| F277W | 461 | 461 (1.00) | 364 (0.79) | 2252 | 2247 (1.00) | 2010 (0.89) | 3088 | 3085 (1.00) | 3056 (0.99) |
| F300M | 693 | 693 (1.00) | 585 (0.84) | 2393 | 2389 (1.00) | 2307 (0.96) | 3012 | 3007 (1.00) | 3003 (1.00) |
| F335M | 16 | 16 (1.00) | 15 (0.94) | 2515 | 2511 (1.00) | 2470 (0.98) | 3076 | 3073 (1.00) | 3070 (1.00) |
| F410M | 1138 | 1138 (1.00) | 1027 (0.90) | 2904 | 2901 (1.00) | 2882 (0.99) | 3059 | 3052 (1.00) | 3052 (1.00) |
| F164N | 283 | 283 (1.00) | 276 (0.98) | 1348 | 1345 (1.00) | 1319 (0.98) | 2801 | 2792 (1.00) | 2784 (0.99) |
| F187N | 368 | 368 (1.00) | 361 (0.98) | 1635 | 1632 (1.00) | 1616 (0.99) | 2838 | 2822 (0.99) | 2818 (0.99) |
| F212N | 439 | 439 (1.00) | 428 (0.97) | 1892 | 1888 (1.00) | 1866 (0.99) | 3021 | 3013 (1.00) | 3010 (1.00) |
| F323N | 834 | 834 (1.00) | 813 (0.97) | 2535 | 2532 (1.00) | 2524 (1.00) | 3063 | 3059 (1.00) | 3059 (1.00) |
| F405N | 1211 | 1211 (1.00) | 1185 (0.98) | 2963 | 2959 (1.00) | 2953 (1.00) | 2758 | 2749 (1.00) | 2746 (1.00) |
| F466N | 1294 | 1294 (1.00) | 1269 (0.98) | 2811 | 2809 (1.00) | 2806 (1.00) | 2736 | 2732 (1.00) | 2732 (1.00) |



### mainfcbgkf
rows in catalog: 52916; dolphot stars (twin-merged): 19034; matched 15629; unmatched dolphot 3405; our rows unmatched to dolphot 37287
| dolphot F200W bin | N dolphot | N matched | frac |
|---|---|---|---|
| <15 | 254 | 254 | 1.000 |
| 15-17 | 1692 | 1685 | 0.996 |
| 17-19 | 2940 | 2927 | 0.996 |
| 19-21 | 3051 | 3002 | 0.984 |
| >=21 | 7058 | 5918 | 0.838 |
| no F200W | 4039 | 1843 | 0.456 |
spike_artifact: 17037 rows flagged in catalog; 109 of the 15629 matched rows flagged (matched without them: 15520); flagged among our unmatched rows: 16928 of 37287
| dolphot F200W bin | matched | matched, spike_artifact rows excluded |
|---|---|---|
| <15 | 254 | 254 |
| 15-17 | 1685 | 1683 |
| 17-19 | 2927 | 2925 |
| 19-21 | 3002 | 2999 |
| >=21 | 5918 | 5877 |

### mainfcbgkf: dm = ours - dolphot after band zero-point (ZP: median over unflagged matched stars in the ZPWIN band window)
| band | ZP | N_unsat | med | MAD | f(abs dm>0.3) | N_repl_sat | med | MAD | f(abs dm>0.3) |
|---|---|---|---|---|---|---|---|---|---|
| F115W | -0.052 | 10163 | +0.006 | 0.047 | 0.077 | 463 | -0.033 | 0.037 | 0.009 |
| F150W | -0.032 | 10880 | +0.002 | 0.037 | 0.093 | 2305 | -0.023 | 0.032 | 0.006 |
| F162M | -0.028 | 11665 | +0.001 | 0.033 | 0.039 | 1774 | -0.027 | 0.029 | 0.003 |
| F182M | -0.023 | 12614 | +0.002 | 0.034 | 0.043 | 822 | -0.033 | 0.020 | 0.005 |
| F200W | -0.020 | 12934 | -0.000 | 0.036 | 0.034 | 697 | -0.024 | 0.025 | 0.007 |
| F250M | +0.022 | 11641 | +0.001 | 0.061 | 0.032 | 1132 | -0.002 | 0.058 | 0.011 |
| F277W | +0.034 | 10931 | +0.000 | 0.064 | 0.043 | 1409 | -0.008 | 0.044 | 0.012 |
| F300M | +0.023 | 11027 | +0.004 | 0.060 | 0.035 | 1220 | +0.002 | 0.052 | 0.007 |
| F335M | +0.022 | 9409 | +0.003 | 0.071 | 0.050 | 17 | +0.002 | 0.094 | 0.294 |
| F410M | +0.037 | 10279 | +0.006 | 0.063 | 0.047 | 156 | +0.009 | 0.043 | 0.026 |
| F164N | -0.031 | 10946 | +0.003 | 0.030 | 0.027 | 263 | -0.012 | 0.030 | 0.004 |
| F187N | -0.022 | 9515 | +0.004 | 0.030 | 0.027 | 407 | -0.007 | 0.018 | 0.005 |
| F212N | -0.018 | 11045 | +0.003 | 0.030 | 0.021 | 695 | -0.002 | 0.016 | 0.004 |
| F323N | +0.013 | 9717 | +0.008 | 0.055 | 0.030 | 124 | +0.050 | 0.053 | 0.040 |
| F405N | +0.031 | 7646 | +0.012 | 0.061 | 0.036 | 143 | +0.031 | 0.041 | 0.000 |
| F466N | +0.030 | 7722 | -0.006 | 0.057 | 0.025 | 84 | +0.028 | 0.044 | 0.000 |

### mainfcbgkf: bright-end completeness per band (dolphot band mag bin): N_dolphot / matched / matched with band value (our band mag finite)
| band | <15 Ndol | matched | band value | 15-17 Ndol | matched | band value | 17-19 Ndol | matched | band value |
|---|---|---|---|---|---|---|---|---|---|
| F115W | 16 | 16 (1.00) | 16 (1.00) | 334 | 331 (0.99) | 320 (0.96) | 1301 | 1297 (1.00) | 1280 (0.98) |
| F150W | 82 | 82 (1.00) | 80 (0.98) | 882 | 878 (1.00) | 838 (0.95) | 2521 | 2513 (1.00) | 2489 (0.99) |
| F162M | 230 | 229 (1.00) | 219 (0.95) | 1255 | 1249 (1.00) | 1218 (0.97) | 2758 | 2749 (1.00) | 2721 (0.99) |
| F182M | 289 | 289 (1.00) | 278 (0.96) | 1534 | 1527 (1.00) | 1498 (0.98) | 2863 | 2845 (0.99) | 2829 (0.99) |
| F200W | 254 | 254 (1.00) | 239 (0.94) | 1692 | 1685 (1.00) | 1614 (0.95) | 2940 | 2927 (1.00) | 2918 (0.99) |
| F250M | 561 | 561 (1.00) | 489 (0.87) | 2171 | 2168 (1.00) | 2114 (0.97) | 3076 | 3070 (1.00) | 3061 (1.00) |
| F277W | 461 | 461 (1.00) | 365 (0.79) | 2252 | 2248 (1.00) | 2011 (0.89) | 3088 | 3085 (1.00) | 3055 (0.99) |
| F300M | 693 | 693 (1.00) | 587 (0.85) | 2393 | 2390 (1.00) | 2308 (0.96) | 3012 | 3007 (1.00) | 3003 (1.00) |
| F335M | 16 | 16 (1.00) | 15 (0.94) | 2515 | 2511 (1.00) | 2472 (0.98) | 3076 | 3070 (1.00) | 3069 (1.00) |
| F410M | 1138 | 1138 (1.00) | 1026 (0.90) | 2904 | 2902 (1.00) | 2885 (0.99) | 3059 | 3050 (1.00) | 3050 (1.00) |
| F164N | 283 | 283 (1.00) | 276 (0.98) | 1348 | 1342 (1.00) | 1317 (0.98) | 2801 | 2787 (1.00) | 2780 (0.99) |
| F187N | 368 | 367 (1.00) | 359 (0.98) | 1635 | 1629 (1.00) | 1609 (0.98) | 2838 | 2817 (0.99) | 2813 (0.99) |
| F212N | 439 | 438 (1.00) | 427 (0.97) | 1892 | 1885 (1.00) | 1866 (0.99) | 3021 | 3014 (1.00) | 3010 (1.00) |
| F323N | 834 | 834 (1.00) | 809 (0.97) | 2535 | 2533 (1.00) | 2520 (0.99) | 3063 | 3056 (1.00) | 3056 (1.00) |
| F405N | 1211 | 1211 (1.00) | 1186 (0.98) | 2963 | 2960 (1.00) | 2954 (1.00) | 2758 | 2747 (1.00) | 2744 (0.99) |
| F466N | 1294 | 1294 (1.00) | 1268 (0.98) | 2811 | 2810 (1.00) | 2805 (1.00) | 2736 | 2731 (1.00) | 2731 (1.00) |



### mainfcbg vs integfcbg
dolphot stars matched in both 15192; only integfcbg 269; only mainfcbg 548; neither 3025
| band | N both finite | med(B-A) | MAD | f(abs>0.1) | f(abs>0.2) | N sat(B) | med | f(abs>0.2) | gained value (A nan, B finite) | lost value |
|---|---|---|---|---|---|---|---|---|---|---|
| F115W | 13387 | +0.000 | 0.000 | 0.139 | 0.099 | 451 | -0.076 | 0.233 | 541 | 284 |
| F150W | 14066 | +0.000 | 0.001 | 0.164 | 0.110 | 2215 | -0.072 | 0.135 | 568 | 316 |
| F162M | 14143 | +0.000 | 0.001 | 0.141 | 0.079 | 1651 | -0.069 | 0.127 | 564 | 291 |
| F182M | 14067 | +0.000 | 0.000 | 0.087 | 0.052 | 857 | -0.032 | 0.154 | 511 | 241 |
| F200W | 14004 | +0.000 | 0.000 | 0.065 | 0.038 | 807 | -0.046 | 0.156 | 490 | 298 |
| F250M | 14321 | +0.000 | 0.003 | 0.094 | 0.046 | 1102 | -0.016 | 0.097 | 495 | 331 |
| F277W | 13818 | +0.000 | 0.005 | 0.110 | 0.058 | 1472 | -0.012 | 0.163 | 524 | 338 |
| F300M | 14131 | +0.000 | 0.004 | 0.097 | 0.048 | 1218 | -0.015 | 0.095 | 492 | 332 |
| F335M | 13959 | +0.000 | 0.001 | 0.082 | 0.043 | 235 | -0.009 | 0.183 | 480 | 308 |
| F410M | 14181 | +0.000 | 0.000 | 0.073 | 0.039 | 149 | -0.008 | 0.181 | 460 | 294 |
| F164N | 13849 | +0.000 | 0.000 | 0.135 | 0.087 | 221 | -0.042 | 0.063 | 526 | 259 |
| F187N | 13683 | +0.000 | 0.000 | 0.090 | 0.054 | 363 | -0.027 | 0.019 | 405 | 206 |
| F212N | 13963 | +0.000 | 0.000 | 0.105 | 0.061 | 648 | -0.023 | 0.031 | 444 | 246 |
| F323N | 14317 | +0.000 | 0.000 | 0.073 | 0.037 | 86 | -0.062 | 0.430 | 455 | 274 |
| F405N | 13629 | +0.000 | 0.000 | 0.079 | 0.044 | 127 | +0.000 | 0.031 | 395 | 261 |
| F466N | 13698 | +0.000 | 0.000 | 0.071 | 0.038 | 43 | +0.023 | 0.023 | 370 | 242 |



### mainfcbgkf vs mainfcbg
dolphot stars matched in both 15604; only mainfcbg 136; only mainfcbgkf 25; neither 3269
| band | N both finite | med(B-A) | MAD | f(abs>0.1) | f(abs>0.2) | N sat(B) | med | f(abs>0.2) | gained value (A nan, B finite) | lost value |
|---|---|---|---|---|---|---|---|---|---|---|
| F115W | 13800 | +0.000 | 0.000 | 0.020 | 0.012 | 510 | +0.017 | 0.004 | 51 | 128 |
| F150W | 14510 | +0.000 | 0.000 | 0.028 | 0.019 | 2410 | +0.008 | 0.005 | 41 | 124 |
| F162M | 14573 | +0.000 | 0.000 | 0.023 | 0.014 | 1793 | -0.003 | 0.004 | 34 | 134 |
| F182M | 14496 | +0.000 | 0.000 | 0.009 | 0.005 | 856 | +0.007 | 0.002 | 34 | 82 |
| F200W | 14424 | +0.000 | 0.000 | 0.008 | 0.004 | 798 | +0.026 | 0.003 | 33 | 70 |
| F250M | 14685 | +0.000 | 0.001 | 0.032 | 0.013 | 1140 | -0.037 | 0.025 | 42 | 131 |
| F277W | 14238 | -0.000 | 0.001 | 0.038 | 0.013 | 1527 | -0.035 | 0.020 | 44 | 104 |
| F300M | 14522 | -0.000 | 0.000 | 0.029 | 0.011 | 1247 | -0.029 | 0.015 | 41 | 101 |
| F335M | 14330 | +0.000 | 0.000 | 0.014 | 0.006 | 264 | -0.039 | 0.019 | 34 | 109 |
| F410M | 14532 | +0.000 | 0.000 | 0.012 | 0.006 | 167 | -0.043 | 0.006 | 33 | 109 |
| F164N | 14235 | +0.000 | 0.000 | 0.020 | 0.012 | 266 | -0.027 | 0.011 | 38 | 140 |
| F187N | 13996 | +0.000 | 0.000 | 0.015 | 0.009 | 406 | -0.000 | 0.005 | 29 | 92 |
| F212N | 14326 | +0.000 | 0.000 | 0.013 | 0.009 | 694 | +0.000 | 0.003 | 24 | 81 |
| F323N | 14628 | +0.000 | 0.000 | 0.048 | 0.029 | 123 | -0.004 | 0.114 | 41 | 144 |
| F405N | 13931 | +0.000 | 0.000 | 0.018 | 0.011 | 143 | +0.000 | 0.007 | 31 | 93 |
| F466N | 13943 | +0.000 | 0.000 | 0.065 | 0.042 | 84 | +0.002 | 0.036 | 76 | 125 |



### faint-end dm (dolphot 18-22 mag, after band ZP): N, median, MAD, fraction in 0.5<dm<1.3 clump
| band | integfcbg N / med / MAD / clump | mainfcbg N / med / MAD / clump | mainfcbgkf N / med / MAD / clump |
|---|---|---|---|
| F200W | 6218 / -0.001 / 0.030 / 0.003 | 6200 / -0.001 / 0.030 / 0.001 | 6195 / -0.001 / 0.030 / 0.001 |
| F212N | 6311 / +0.003 / 0.031 / 0.003 | 6315 / +0.002 / 0.030 / 0.003 | 6317 / +0.002 / 0.030 / 0.003 |
| F410M | 5006 / +0.027 / 0.098 / 0.026 | 5001 / +0.027 / 0.101 / 0.023 | 4978 / +0.026 / 0.100 / 0.022 |
