250M kappa curve [(0.0, 0.3, 1513, 1.0783202076390788), (0.3, 0.5, 687, 1.0578337057592473), (0.5, 0.6, 62, 1.0235252807468314), (0.6, 0.7, 42, 1.0160732884606722), (0.7, 0.8, 38, 0.9866870771879321), (0.8, 0.9, 52, 0.9311172124351976), (0.9, 1.5, 23, 0.9062730597789157)]
300M kappa curve [(0.0, 0.3, 1655, 1.0689310956960056), (0.3, 0.5, 836, 1.0375818168026067), (0.5, 0.6, 56, 1.0013725897777503), (0.6, 0.7, 38, 1.0161158319329786), (0.7, 0.8, 36, 0.9781244709279187), (0.8, 0.9, 50, 0.9557392240593495), (0.9, 1.5, 10, 0.8983698727218239)]
#### F250M: 905 stars; unsaturated-reference dm +0.003 (this run +0.003); median dm (MAD) by dolphot bin

| variant | 12.3-13 (N=28) | 13-13.5 (N=27) | 13.5-14 (N=53) | 14-15 (N=189) | 15-16 (N=374) | 16-17 (N=233) | all med / MAD | max abs(bin - ref) |
|---|---|---|---|---|---|---|---|---|
| final | +0.125 (0.059) | +0.051 (0.037) | +0.032 (0.031) | +0.021 (0.032) | +0.028 (0.034) | +0.031 (0.034) | +0.030 / 0.035 | 0.122 |
| uncapped (a_cat) | -0.032 (0.104) | -0.019 (0.043) | +0.007 (0.044) | -0.001 (0.036) | +0.020 (0.036) | +0.029 (0.033) | +0.016 / 0.038 | 0.035 |
| H+h0+bgfree uncapped | -0.030 (0.075) | -0.033 (0.052) | -0.011 (0.039) | -0.013 (0.034) | +0.002 (0.031) | +0.011 (0.034) | +0.000 / 0.036 | 0.036 |
| H+h0+bgfree + cap (round 7) | +0.082 (0.056) | +0.004 (0.045) | -0.005 (0.038) | -0.008 (0.033) | +0.006 (0.030) | +0.013 (0.034) | +0.006 / 0.036 | 0.079 |
| H+h0+bgfree + rule i f=0.5 gm | +0.069 (0.102) | +0.022 (0.038) | -0.004 (0.038) | -0.008 (0.033) | +0.006 (0.030) | +0.013 (0.034) | +0.006 / 0.035 | 0.066 |
| H+h0+bgfree + rule i f=0.5 go | +0.069 (0.102) | +0.022 (0.038) | -0.004 (0.038) | -0.008 (0.033) | +0.006 (0.030) | +0.013 (0.034) | +0.006 / 0.035 | 0.066 |
| H+h0+bgfree + rule i(b-type, replaced only) f=0.5 go | +0.069 (0.102) | +0.022 (0.038) | -0.004 (0.038) | -0.008 (0.033) | +0.006 (0.030) | +0.013 (0.034) | +0.006 / 0.035 | 0.066 |
| H+h0+bgfree + rule i f=0.6 gm | +0.075 (0.104) | +0.025 (0.031) | -0.005 (0.038) | -0.008 (0.033) | +0.006 (0.030) | +0.013 (0.034) | +0.006 / 0.035 | 0.072 |
| H+h0+bgfree + rule i f=0.6 go | +0.075 (0.104) | +0.025 (0.031) | -0.005 (0.038) | -0.008 (0.033) | +0.006 (0.030) | +0.013 (0.034) | +0.006 / 0.035 | 0.072 |
| H+h0+bgfree + rule i(b-type, replaced only) f=0.6 go | +0.075 (0.104) | +0.025 (0.031) | -0.005 (0.038) | -0.008 (0.033) | +0.006 (0.030) | +0.013 (0.034) | +0.006 / 0.035 | 0.072 |
| H+h0+bgfree + rule i f=0.7 gm | +0.068 (0.097) | +0.004 (0.031) | -0.005 (0.038) | -0.008 (0.033) | +0.006 (0.030) | +0.013 (0.034) | +0.006 / 0.035 | 0.065 |
| H+h0+bgfree + rule i f=0.7 go | +0.068 (0.097) | +0.004 (0.031) | -0.005 (0.038) | -0.008 (0.033) | +0.006 (0.030) | +0.013 (0.034) | +0.006 / 0.035 | 0.065 |
| H+h0+bgfree + rule i(b-type, replaced only) f=0.7 go | +0.068 (0.097) | +0.004 (0.031) | -0.005 (0.038) | -0.008 (0.033) | +0.006 (0.030) | +0.013 (0.034) | +0.006 / 0.035 | 0.065 |
| H+h0+bgfree + rule i f=0.8 gm | +0.066 (0.079) | +0.000 (0.035) | -0.005 (0.038) | -0.008 (0.033) | +0.006 (0.030) | +0.013 (0.034) | +0.006 / 0.035 | 0.063 |
| H+h0+bgfree + rule i f=0.8 go | +0.066 (0.079) | +0.000 (0.035) | -0.005 (0.038) | -0.008 (0.033) | +0.006 (0.030) | +0.013 (0.034) | +0.006 / 0.035 | 0.063 |
| H+h0+bgfree + rule i(b-type, replaced only) f=0.8 go | +0.066 (0.079) | +0.000 (0.035) | -0.005 (0.038) | -0.008 (0.033) | +0.006 (0.030) | +0.013 (0.034) | +0.006 / 0.035 | 0.063 |
| H+h0+bgfree + rule ii f=0.5 | -0.015 (0.080) | -0.033 (0.052) | -0.005 (0.038) | -0.008 (0.033) | +0.006 (0.030) | +0.013 (0.034) | +0.004 / 0.037 | 0.036 |
| H+h0+bgfree + rule ii f=0.6 | -0.015 (0.080) | -0.033 (0.052) | -0.005 (0.038) | -0.008 (0.033) | +0.006 (0.030) | +0.013 (0.034) | +0.004 / 0.037 | 0.036 |
| H+h0+bgfree + rule ii f=0.7 | -0.015 (0.080) | -0.029 (0.048) | -0.005 (0.038) | -0.008 (0.033) | +0.006 (0.030) | +0.013 (0.034) | +0.004 / 0.036 | 0.032 |
| H+h0+bgfree + rule ii f=0.8 | -0.010 (0.074) | -0.005 (0.034) | -0.005 (0.038) | -0.008 (0.033) | +0.006 (0.030) | +0.013 (0.034) | +0.004 / 0.036 | 0.013 |
| H+h0+bgfree + rule ii f=0.9 | +0.056 (0.076) | +0.004 (0.045) | -0.005 (0.038) | -0.008 (0.033) | +0.006 (0.030) | +0.013 (0.034) | +0.006 / 0.035 | 0.053 |
| H+h0+bgfree + rule iii-b floor tau=0.95 | +0.016 (0.063) | -0.016 (0.029) | -0.005 (0.037) | -0.010 (0.035) | +0.005 (0.031) | +0.013 (0.034) | +0.004 / 0.035 | 0.019 |
| H+h0+bgfree + rule iii-b floor tau=0.97 | -0.006 (0.069) | -0.027 (0.036) | -0.006 (0.033) | -0.010 (0.032) | +0.004 (0.030) | +0.011 (0.034) | +0.002 / 0.035 | 0.030 |
| H+h0+bgfree + rule iii-a kappa(250M) | +0.005 (0.060) | -0.030 (0.045) | -0.005 (0.038) | -0.008 (0.034) | +0.005 (0.031) | +0.013 (0.034) | +0.003 / 0.036 | 0.033 |
| H+h0+bgfree + rule iii-a kappa(300M) | +0.018 (0.059) | -0.030 (0.033) | -0.005 (0.038) | -0.009 (0.033) | +0.005 (0.031) | +0.013 (0.034) | +0.004 / 0.036 | 0.033 |
| H+h0+bgfree + rule iii-a kappa(both) | +0.010 (0.066) | -0.030 (0.041) | -0.005 (0.038) | -0.009 (0.033) | +0.005 (0.031) | +0.013 (0.034) | +0.004 / 0.036 | 0.033 |
| H uncapped | -0.075 (0.097) | -0.059 (0.054) | -0.033 (0.043) | -0.035 (0.033) | -0.015 (0.034) | +0.001 (0.033) | -0.018 / 0.040 | 0.078 |
| H + cap (round 7) | +0.065 (0.059) | -0.003 (0.038) | -0.023 (0.034) | -0.026 (0.033) | -0.010 (0.033) | +0.003 (0.035) | -0.009 / 0.036 | 0.062 |
| H + rule i f=0.5 gm | +0.061 (0.119) | +0.014 (0.035) | -0.015 (0.035) | -0.026 (0.033) | -0.010 (0.033) | +0.003 (0.035) | -0.009 / 0.036 | 0.058 |
| H + rule i f=0.5 go | +0.061 (0.119) | +0.014 (0.035) | -0.015 (0.035) | -0.026 (0.033) | -0.010 (0.033) | +0.003 (0.035) | -0.009 / 0.036 | 0.058 |
| H + rule i(b-type, replaced only) f=0.5 go | +0.061 (0.119) | +0.014 (0.035) | -0.015 (0.035) | -0.026 (0.033) | -0.010 (0.033) | +0.003 (0.035) | -0.009 / 0.036 | 0.058 |
| H + rule i f=0.6 gm | +0.069 (0.128) | +0.011 (0.026) | -0.023 (0.036) | -0.026 (0.033) | -0.010 (0.033) | +0.003 (0.035) | -0.008 / 0.036 | 0.066 |
| H + rule i f=0.6 go | +0.069 (0.128) | +0.011 (0.026) | -0.023 (0.036) | -0.026 (0.033) | -0.010 (0.033) | +0.003 (0.035) | -0.008 / 0.036 | 0.066 |
| H + rule i(b-type, replaced only) f=0.6 go | +0.069 (0.128) | +0.011 (0.026) | -0.023 (0.036) | -0.026 (0.033) | -0.010 (0.033) | +0.003 (0.035) | -0.008 / 0.036 | 0.066 |
| H + rule i f=0.7 gm | +0.054 (0.110) | -0.001 (0.028) | -0.023 (0.034) | -0.026 (0.033) | -0.010 (0.033) | +0.003 (0.035) | -0.009 / 0.036 | 0.051 |
| H + rule i f=0.7 go | +0.054 (0.110) | -0.001 (0.028) | -0.023 (0.034) | -0.026 (0.033) | -0.010 (0.033) | +0.003 (0.035) | -0.009 / 0.036 | 0.051 |
| H + rule i(b-type, replaced only) f=0.7 go | +0.054 (0.110) | -0.001 (0.028) | -0.023 (0.034) | -0.026 (0.033) | -0.010 (0.033) | +0.003 (0.035) | -0.009 / 0.036 | 0.051 |
| H + rule i f=0.8 gm | +0.052 (0.076) | -0.005 (0.032) | -0.023 (0.034) | -0.026 (0.033) | -0.010 (0.033) | +0.003 (0.035) | -0.009 / 0.036 | 0.049 |
| H + rule i f=0.8 go | +0.052 (0.076) | -0.005 (0.032) | -0.023 (0.034) | -0.026 (0.033) | -0.010 (0.033) | +0.003 (0.035) | -0.009 / 0.036 | 0.049 |
| H + rule i(b-type, replaced only) f=0.8 go | +0.052 (0.076) | -0.005 (0.032) | -0.023 (0.034) | -0.026 (0.033) | -0.010 (0.033) | +0.003 (0.035) | -0.009 / 0.036 | 0.049 |
| H + rule ii f=0.5 | -0.062 (0.086) | -0.059 (0.054) | -0.023 (0.041) | -0.026 (0.033) | -0.010 (0.033) | +0.003 (0.035) | -0.012 / 0.038 | 0.065 |
| H + rule ii f=0.6 | -0.062 (0.086) | -0.053 (0.060) | -0.023 (0.041) | -0.026 (0.033) | -0.010 (0.033) | +0.003 (0.035) | -0.012 / 0.037 | 0.065 |
| H + rule ii f=0.7 | -0.062 (0.086) | -0.049 (0.059) | -0.023 (0.034) | -0.026 (0.033) | -0.010 (0.033) | +0.003 (0.035) | -0.012 / 0.037 | 0.065 |
| H + rule ii f=0.8 | -0.062 (0.086) | -0.017 (0.038) | -0.023 (0.034) | -0.026 (0.033) | -0.010 (0.033) | +0.003 (0.035) | -0.011 / 0.036 | 0.065 |
| H + rule ii f=0.9 | -0.004 (0.118) | -0.003 (0.038) | -0.023 (0.034) | -0.026 (0.033) | -0.010 (0.033) | +0.003 (0.035) | -0.010 / 0.036 | 0.029 |
| H + rule iii-b floor tau=0.95 | -0.021 (0.093) | -0.028 (0.036) | -0.025 (0.036) | -0.027 (0.033) | -0.012 (0.034) | +0.003 (0.035) | -0.012 / 0.036 | 0.031 |
| H + rule iii-b floor tau=0.97 | -0.043 (0.101) | -0.040 (0.041) | -0.028 (0.036) | -0.028 (0.034) | -0.013 (0.034) | +0.003 (0.035) | -0.014 / 0.036 | 0.046 |
| H + rule iii-a kappa(250M) | -0.021 (0.062) | -0.049 (0.046) | -0.031 (0.038) | -0.027 (0.033) | -0.011 (0.033) | +0.003 (0.035) | -0.012 / 0.038 | 0.052 |
| H + rule iii-a kappa(300M) | -0.008 (0.068) | -0.044 (0.045) | -0.031 (0.039) | -0.028 (0.034) | -0.011 (0.033) | +0.003 (0.035) | -0.012 / 0.038 | 0.047 |
| H + rule iii-a kappa(both) | -0.016 (0.063) | -0.049 (0.046) | -0.031 (0.039) | -0.027 (0.033) | -0.011 (0.033) | +0.003 (0.035) | -0.012 / 0.038 | 0.052 |

#### F300M: 944 stars; unsaturated-reference dm -0.003 (this run -0.003); median dm (MAD) by dolphot bin

| variant | 12.3-13 (N=19) | 13-13.5 (N=27) | 13.5-14 (N=70) | 14-15 (N=232) | 15-16 (N=399) | 16-17 (N=196) | all med / MAD | max abs(bin - ref) |
|---|---|---|---|---|---|---|---|---|
| final | +0.116 (0.050) | +0.034 (0.031) | +0.020 (0.036) | +0.014 (0.030) | +0.019 (0.035) | +0.015 (0.035) | +0.018 / 0.035 | 0.119 |
| uncapped (a_cat) | -0.044 (0.090) | -0.027 (0.053) | -0.004 (0.041) | -0.003 (0.040) | +0.011 (0.035) | +0.014 (0.035) | +0.006 / 0.039 | 0.041 |
| H+h0+bgfree uncapped | -0.025 (0.037) | -0.047 (0.061) | -0.013 (0.032) | -0.011 (0.028) | -0.000 (0.032) | +0.005 (0.033) | -0.004 / 0.033 | 0.044 |
| H+h0+bgfree + cap (round 7) | +0.079 (0.040) | -0.006 (0.030) | -0.003 (0.027) | -0.006 (0.033) | +0.001 (0.031) | +0.005 (0.034) | +0.001 / 0.033 | 0.082 |
| H+h0+bgfree + rule i f=0.5 gm | +0.082 (0.121) | +0.020 (0.059) | -0.003 (0.027) | -0.006 (0.033) | +0.001 (0.031) | +0.005 (0.034) | +0.000 / 0.033 | 0.085 |
| H+h0+bgfree + rule i f=0.5 go | +0.082 (0.121) | +0.020 (0.059) | -0.003 (0.027) | -0.006 (0.033) | +0.001 (0.031) | +0.005 (0.034) | +0.000 / 0.033 | 0.085 |
| H+h0+bgfree + rule i(b-type, replaced only) f=0.5 go | +0.082 (0.121) | +0.020 (0.059) | -0.003 (0.027) | -0.006 (0.033) | +0.001 (0.031) | +0.005 (0.034) | +0.000 / 0.033 | 0.085 |
| H+h0+bgfree + rule i f=0.6 gm | +0.096 (0.141) | +0.023 (0.054) | -0.001 (0.029) | -0.006 (0.033) | +0.001 (0.031) | +0.005 (0.034) | +0.001 / 0.033 | 0.099 |
| H+h0+bgfree + rule i f=0.6 go | +0.096 (0.141) | +0.023 (0.054) | -0.001 (0.029) | -0.006 (0.033) | +0.001 (0.031) | +0.005 (0.034) | +0.001 / 0.033 | 0.099 |
| H+h0+bgfree + rule i(b-type, replaced only) f=0.6 go | +0.096 (0.141) | +0.023 (0.054) | -0.001 (0.029) | -0.006 (0.033) | +0.001 (0.031) | +0.005 (0.034) | +0.001 / 0.033 | 0.099 |
| H+h0+bgfree + rule i f=0.7 gm | +0.079 (0.119) | +0.014 (0.060) | -0.003 (0.027) | -0.006 (0.033) | +0.001 (0.031) | +0.005 (0.034) | +0.001 / 0.033 | 0.082 |
| H+h0+bgfree + rule i f=0.7 go | +0.079 (0.119) | +0.014 (0.060) | -0.003 (0.027) | -0.006 (0.033) | +0.001 (0.031) | +0.005 (0.034) | +0.001 / 0.033 | 0.082 |
| H+h0+bgfree + rule i(b-type, replaced only) f=0.7 go | +0.079 (0.119) | +0.014 (0.060) | -0.003 (0.027) | -0.006 (0.033) | +0.001 (0.031) | +0.005 (0.034) | +0.001 / 0.033 | 0.082 |
| H+h0+bgfree + rule i f=0.8 gm | +0.073 (0.110) | +0.004 (0.049) | -0.003 (0.027) | -0.006 (0.033) | +0.001 (0.031) | +0.005 (0.034) | +0.000 / 0.033 | 0.076 |
| H+h0+bgfree + rule i f=0.8 go | +0.073 (0.110) | +0.004 (0.049) | -0.003 (0.027) | -0.006 (0.033) | +0.001 (0.031) | +0.005 (0.034) | +0.000 / 0.033 | 0.076 |
| H+h0+bgfree + rule i(b-type, replaced only) f=0.8 go | +0.073 (0.110) | +0.004 (0.049) | -0.003 (0.027) | -0.006 (0.033) | +0.001 (0.031) | +0.005 (0.034) | +0.000 / 0.033 | 0.076 |
| H+h0+bgfree + rule ii f=0.5 | -0.009 (0.078) | -0.047 (0.061) | -0.006 (0.025) | -0.006 (0.033) | +0.001 (0.031) | +0.005 (0.034) | -0.001 / 0.034 | 0.044 |
| H+h0+bgfree + rule ii f=0.6 | -0.009 (0.078) | -0.047 (0.061) | -0.003 (0.027) | -0.006 (0.033) | +0.001 (0.031) | +0.005 (0.034) | -0.000 / 0.033 | 0.044 |
| H+h0+bgfree + rule ii f=0.7 | -0.009 (0.078) | -0.043 (0.066) | -0.003 (0.027) | -0.006 (0.033) | +0.001 (0.031) | +0.005 (0.034) | -0.000 / 0.033 | 0.040 |
| H+h0+bgfree + rule ii f=0.8 | -0.009 (0.078) | -0.021 (0.053) | -0.003 (0.027) | -0.006 (0.033) | +0.001 (0.031) | +0.005 (0.034) | -0.000 / 0.033 | 0.018 |
| H+h0+bgfree + rule ii f=0.9 | +0.072 (0.074) | -0.006 (0.030) | -0.003 (0.027) | -0.006 (0.033) | +0.001 (0.031) | +0.005 (0.034) | +0.000 / 0.033 | 0.075 |
| H+h0+bgfree + rule iii-b floor tau=0.95 | +0.028 (0.043) | -0.021 (0.048) | -0.005 (0.027) | -0.006 (0.032) | +0.001 (0.032) | +0.005 (0.034) | -0.000 / 0.033 | 0.031 |
| H+h0+bgfree + rule iii-b floor tau=0.97 | +0.006 (0.033) | -0.021 (0.051) | -0.011 (0.028) | -0.007 (0.030) | +0.000 (0.031) | +0.005 (0.034) | -0.001 / 0.032 | 0.018 |
| H+h0+bgfree + rule iii-a kappa(250M) | -0.006 (0.055) | -0.047 (0.061) | -0.011 (0.028) | -0.006 (0.033) | +0.001 (0.032) | +0.005 (0.034) | -0.001 / 0.034 | 0.044 |
| H+h0+bgfree + rule iii-a kappa(300M) | -0.001 (0.048) | -0.047 (0.061) | -0.012 (0.027) | -0.006 (0.032) | +0.001 (0.032) | +0.005 (0.034) | -0.001 / 0.034 | 0.044 |
| H+h0+bgfree + rule iii-a kappa(both) | -0.001 (0.052) | -0.047 (0.061) | -0.012 (0.028) | -0.006 (0.032) | +0.001 (0.032) | +0.005 (0.034) | -0.001 / 0.034 | 0.044 |
| H uncapped | -0.081 (0.081) | -0.066 (0.054) | -0.035 (0.041) | -0.031 (0.038) | -0.016 (0.034) | -0.006 (0.033) | -0.021 / 0.038 | 0.078 |
| H + cap (round 7) | +0.072 (0.050) | -0.007 (0.029) | -0.018 (0.033) | -0.021 (0.033) | -0.012 (0.033) | -0.005 (0.033) | -0.013 / 0.035 | 0.075 |
| H + rule i f=0.5 gm | +0.082 (0.097) | +0.014 (0.057) | -0.019 (0.035) | -0.021 (0.033) | -0.012 (0.033) | -0.005 (0.033) | -0.012 / 0.035 | 0.085 |
| H + rule i f=0.5 go | +0.082 (0.097) | +0.014 (0.057) | -0.019 (0.035) | -0.021 (0.033) | -0.012 (0.033) | -0.005 (0.033) | -0.012 / 0.035 | 0.085 |
| H + rule i(b-type, replaced only) f=0.5 go | +0.082 (0.097) | +0.014 (0.057) | -0.019 (0.035) | -0.021 (0.033) | -0.012 (0.033) | -0.005 (0.033) | -0.012 / 0.035 | 0.085 |
| H + rule i f=0.6 gm | +0.096 (0.134) | +0.020 (0.049) | -0.018 (0.034) | -0.021 (0.033) | -0.012 (0.033) | -0.005 (0.033) | -0.012 / 0.035 | 0.099 |
| H + rule i f=0.6 go | +0.096 (0.134) | +0.020 (0.049) | -0.018 (0.034) | -0.021 (0.033) | -0.012 (0.033) | -0.005 (0.033) | -0.012 / 0.035 | 0.099 |
| H + rule i(b-type, replaced only) f=0.6 go | +0.096 (0.134) | +0.020 (0.049) | -0.018 (0.034) | -0.021 (0.033) | -0.012 (0.033) | -0.005 (0.033) | -0.012 / 0.035 | 0.099 |
| H + rule i f=0.7 gm | +0.071 (0.117) | +0.004 (0.044) | -0.018 (0.033) | -0.021 (0.033) | -0.012 (0.033) | -0.005 (0.033) | -0.013 / 0.035 | 0.074 |
| H + rule i f=0.7 go | +0.071 (0.117) | +0.004 (0.044) | -0.018 (0.033) | -0.021 (0.033) | -0.012 (0.033) | -0.005 (0.033) | -0.013 / 0.035 | 0.074 |
| H + rule i(b-type, replaced only) f=0.7 go | +0.071 (0.117) | +0.004 (0.044) | -0.018 (0.033) | -0.021 (0.033) | -0.012 (0.033) | -0.005 (0.033) | -0.013 / 0.035 | 0.074 |
| H + rule i f=0.8 gm | +0.058 (0.126) | -0.005 (0.041) | -0.018 (0.033) | -0.021 (0.033) | -0.012 (0.033) | -0.005 (0.033) | -0.013 / 0.035 | 0.061 |
| H + rule i f=0.8 go | +0.058 (0.126) | -0.005 (0.041) | -0.018 (0.033) | -0.021 (0.033) | -0.012 (0.033) | -0.005 (0.033) | -0.013 / 0.035 | 0.061 |
| H + rule i(b-type, replaced only) f=0.8 go | +0.058 (0.126) | -0.005 (0.041) | -0.018 (0.033) | -0.021 (0.033) | -0.012 (0.033) | -0.005 (0.033) | -0.013 / 0.035 | 0.061 |
| H + rule ii f=0.5 | -0.035 (0.069) | -0.066 (0.054) | -0.025 (0.032) | -0.021 (0.033) | -0.012 (0.033) | -0.005 (0.033) | -0.015 / 0.035 | 0.063 |
| H + rule ii f=0.6 | -0.035 (0.069) | -0.066 (0.054) | -0.018 (0.033) | -0.021 (0.033) | -0.012 (0.033) | -0.005 (0.033) | -0.015 / 0.035 | 0.063 |
| H + rule ii f=0.7 | -0.035 (0.069) | -0.065 (0.059) | -0.018 (0.033) | -0.021 (0.033) | -0.012 (0.033) | -0.005 (0.033) | -0.014 / 0.035 | 0.062 |
| H + rule ii f=0.8 | -0.035 (0.069) | -0.021 (0.056) | -0.018 (0.033) | -0.021 (0.033) | -0.012 (0.033) | -0.005 (0.033) | -0.014 / 0.034 | 0.032 |
| H + rule ii f=0.9 | +0.058 (0.077) | -0.007 (0.029) | -0.018 (0.033) | -0.021 (0.033) | -0.012 (0.033) | -0.005 (0.033) | -0.013 / 0.035 | 0.061 |
| H + rule iii-b floor tau=0.95 | -0.026 (0.082) | -0.021 (0.043) | -0.025 (0.031) | -0.022 (0.032) | -0.013 (0.032) | -0.005 (0.033) | -0.016 / 0.034 | 0.023 |
| H + rule iii-b floor tau=0.97 | -0.048 (0.081) | -0.033 (0.049) | -0.028 (0.029) | -0.023 (0.034) | -0.014 (0.032) | -0.005 (0.033) | -0.018 / 0.034 | 0.045 |
| H + rule iii-a kappa(250M) | -0.030 (0.047) | -0.050 (0.067) | -0.029 (0.031) | -0.024 (0.033) | -0.013 (0.033) | -0.005 (0.033) | -0.017 / 0.035 | 0.047 |
| H + rule iii-a kappa(300M) | -0.012 (0.043) | -0.049 (0.065) | -0.029 (0.031) | -0.024 (0.033) | -0.013 (0.033) | -0.005 (0.033) | -0.017 / 0.035 | 0.046 |
| H + rule iii-a kappa(both) | -0.018 (0.042) | -0.049 (0.065) | -0.029 (0.031) | -0.024 (0.033) | -0.013 (0.033) | -0.005 (0.033) | -0.017 / 0.035 | 0.046 |

#### F150W: 1471 stars; unsaturated-reference dm +0.004 (this run +0.004); median dm (MAD) by dolphot bin

| variant | 14-15 (N=57) | 15-16 (N=159) | 16-17 (N=385) | 17-18 (N=562) | 18-19 (N=307) | all med / MAD | max abs(bin - ref) |
|---|---|---|---|---|---|---|---|
| final | -0.095 (0.070) | -0.084 (0.048) | -0.057 (0.045) | -0.040 (0.044) | -0.032 (0.047) | -0.047 / 0.047 | 0.099 |
| uncapped (a_cat) | -0.142 (0.063) | -0.122 (0.055) | -0.101 (0.046) | -0.066 (0.045) | -0.047 (0.039) | -0.078 / 0.053 | 0.146 |
| H+h0+bgfree uncapped | -0.066 (0.066) | -0.051 (0.052) | -0.043 (0.053) | -0.017 (0.041) | -0.005 (0.034) | -0.023 / 0.048 | 0.070 |
| H+h0+bgfree + cap (round 7) | -0.040 (0.035) | -0.041 (0.038) | -0.027 (0.040) | -0.007 (0.034) | +0.003 (0.029) | -0.013 / 0.039 | 0.045 |
| H+h0+bgfree + rule i f=0.5 gm | -0.018 (0.055) | -0.034 (0.038) | -0.026 (0.040) | -0.007 (0.034) | +0.003 (0.029) | -0.012 / 0.039 | 0.038 |
| H+h0+bgfree + rule i f=0.5 go | -0.018 (0.055) | -0.034 (0.038) | -0.026 (0.040) | -0.007 (0.034) | +0.003 (0.029) | -0.012 / 0.039 | 0.038 |
| H+h0+bgfree + rule i(b-type, replaced only) f=0.5 go | -0.018 (0.055) | -0.034 (0.038) | -0.027 (0.040) | -0.007 (0.034) | +0.003 (0.029) | -0.012 / 0.039 | 0.038 |
| H+h0+bgfree + rule i f=0.6 gm | -0.015 (0.059) | -0.039 (0.037) | -0.027 (0.040) | -0.007 (0.034) | +0.003 (0.029) | -0.012 / 0.039 | 0.043 |
| H+h0+bgfree + rule i f=0.6 go | -0.015 (0.059) | -0.039 (0.037) | -0.027 (0.040) | -0.007 (0.034) | +0.003 (0.029) | -0.012 / 0.039 | 0.043 |
| H+h0+bgfree + rule i(b-type, replaced only) f=0.6 go | -0.015 (0.059) | -0.039 (0.037) | -0.027 (0.040) | -0.007 (0.034) | +0.003 (0.029) | -0.012 / 0.039 | 0.043 |
| H+h0+bgfree + rule i f=0.7 gm | -0.018 (0.057) | -0.040 (0.039) | -0.027 (0.040) | -0.007 (0.034) | +0.003 (0.029) | -0.012 / 0.039 | 0.044 |
| H+h0+bgfree + rule i f=0.7 go | -0.018 (0.057) | -0.040 (0.039) | -0.027 (0.040) | -0.007 (0.034) | +0.003 (0.029) | -0.012 / 0.039 | 0.044 |
| H+h0+bgfree + rule i(b-type, replaced only) f=0.7 go | -0.018 (0.057) | -0.040 (0.039) | -0.027 (0.040) | -0.007 (0.034) | +0.003 (0.029) | -0.012 / 0.039 | 0.044 |
| H+h0+bgfree + rule i f=0.8 gm | -0.030 (0.049) | -0.041 (0.038) | -0.027 (0.040) | -0.007 (0.034) | +0.003 (0.029) | -0.013 / 0.039 | 0.045 |
| H+h0+bgfree + rule i f=0.8 go | -0.030 (0.049) | -0.041 (0.038) | -0.027 (0.040) | -0.007 (0.034) | +0.003 (0.029) | -0.013 / 0.039 | 0.045 |
| H+h0+bgfree + rule i(b-type, replaced only) f=0.8 go | -0.030 (0.049) | -0.041 (0.038) | -0.027 (0.040) | -0.007 (0.034) | +0.003 (0.029) | -0.013 / 0.039 | 0.045 |
| H+h0+bgfree + rule ii f=0.5 | -0.065 (0.064) | -0.047 (0.042) | -0.027 (0.041) | -0.007 (0.034) | +0.003 (0.029) | -0.014 / 0.040 | 0.069 |
| H+h0+bgfree + rule ii f=0.6 | -0.065 (0.064) | -0.043 (0.038) | -0.027 (0.040) | -0.007 (0.034) | +0.003 (0.029) | -0.014 / 0.040 | 0.069 |
| H+h0+bgfree + rule ii f=0.7 | -0.065 (0.062) | -0.042 (0.039) | -0.027 (0.040) | -0.007 (0.034) | +0.003 (0.029) | -0.014 / 0.040 | 0.069 |
| H+h0+bgfree + rule ii f=0.8 | -0.051 (0.048) | -0.041 (0.038) | -0.027 (0.040) | -0.007 (0.034) | +0.003 (0.029) | -0.013 / 0.039 | 0.055 |
| H+h0+bgfree + rule ii f=0.9 | -0.044 (0.040) | -0.041 (0.038) | -0.027 (0.040) | -0.007 (0.034) | +0.003 (0.029) | -0.013 / 0.039 | 0.048 |
| H+h0+bgfree + rule iii-b floor tau=0.95 | -0.046 (0.044) | -0.043 (0.040) | -0.028 (0.043) | -0.009 (0.035) | +0.001 (0.029) | -0.015 / 0.040 | 0.050 |
| H+h0+bgfree + rule iii-b floor tau=0.97 | -0.051 (0.052) | -0.046 (0.045) | -0.033 (0.046) | -0.010 (0.036) | -0.001 (0.032) | -0.016 / 0.042 | 0.055 |
| H+h0+bgfree + rule iii-a kappa(250M) | -0.065 (0.050) | -0.047 (0.044) | -0.034 (0.040) | -0.007 (0.035) | +0.003 (0.029) | -0.015 / 0.042 | 0.069 |
| H+h0+bgfree + rule iii-a kappa(300M) | -0.065 (0.050) | -0.048 (0.046) | -0.035 (0.042) | -0.007 (0.035) | +0.003 (0.029) | -0.015 / 0.042 | 0.069 |
| H+h0+bgfree + rule iii-a kappa(both) | -0.065 (0.050) | -0.047 (0.046) | -0.035 (0.042) | -0.007 (0.035) | +0.003 (0.029) | -0.015 / 0.042 | 0.069 |
| H uncapped | -0.122 (0.070) | -0.095 (0.061) | -0.077 (0.059) | -0.041 (0.041) | -0.019 (0.032) | -0.049 / 0.053 | 0.126 |
| H + cap (round 7) | -0.056 (0.043) | -0.058 (0.028) | -0.039 (0.031) | -0.022 (0.032) | -0.006 (0.029) | -0.028 / 0.035 | 0.062 |
| H + rule i f=0.5 gm | -0.042 (0.071) | -0.052 (0.033) | -0.039 (0.031) | -0.022 (0.032) | -0.006 (0.029) | -0.026 / 0.035 | 0.056 |
| H + rule i f=0.5 go | -0.042 (0.071) | -0.052 (0.033) | -0.039 (0.031) | -0.022 (0.032) | -0.006 (0.029) | -0.026 / 0.035 | 0.056 |
| H + rule i(b-type, replaced only) f=0.5 go | -0.042 (0.071) | -0.052 (0.033) | -0.039 (0.031) | -0.022 (0.032) | -0.006 (0.029) | -0.027 / 0.035 | 0.056 |
| H + rule i f=0.6 gm | -0.038 (0.074) | -0.055 (0.030) | -0.039 (0.031) | -0.022 (0.032) | -0.006 (0.029) | -0.027 / 0.036 | 0.059 |
| H + rule i f=0.6 go | -0.038 (0.074) | -0.055 (0.030) | -0.039 (0.031) | -0.022 (0.032) | -0.006 (0.029) | -0.027 / 0.036 | 0.059 |
| H + rule i(b-type, replaced only) f=0.6 go | -0.038 (0.074) | -0.055 (0.030) | -0.039 (0.031) | -0.022 (0.032) | -0.006 (0.029) | -0.027 / 0.036 | 0.059 |
| H + rule i f=0.7 gm | -0.041 (0.058) | -0.057 (0.031) | -0.039 (0.031) | -0.022 (0.032) | -0.006 (0.029) | -0.027 / 0.036 | 0.061 |
| H + rule i f=0.7 go | -0.041 (0.058) | -0.057 (0.031) | -0.039 (0.031) | -0.022 (0.032) | -0.006 (0.029) | -0.027 / 0.036 | 0.061 |
| H + rule i(b-type, replaced only) f=0.7 go | -0.041 (0.058) | -0.057 (0.031) | -0.039 (0.031) | -0.022 (0.032) | -0.006 (0.029) | -0.027 / 0.036 | 0.061 |
| H + rule i f=0.8 gm | -0.056 (0.053) | -0.058 (0.028) | -0.039 (0.031) | -0.022 (0.032) | -0.006 (0.029) | -0.028 / 0.036 | 0.062 |
| H + rule i f=0.8 go | -0.056 (0.053) | -0.058 (0.028) | -0.039 (0.031) | -0.022 (0.032) | -0.006 (0.029) | -0.028 / 0.036 | 0.062 |
| H + rule i(b-type, replaced only) f=0.8 go | -0.056 (0.053) | -0.058 (0.028) | -0.039 (0.031) | -0.022 (0.032) | -0.006 (0.029) | -0.028 / 0.036 | 0.062 |
| H + rule ii f=0.5 | -0.114 (0.067) | -0.067 (0.037) | -0.041 (0.032) | -0.022 (0.032) | -0.006 (0.029) | -0.029 / 0.037 | 0.118 |
| H + rule ii f=0.6 | -0.114 (0.067) | -0.061 (0.028) | -0.039 (0.031) | -0.022 (0.032) | -0.006 (0.029) | -0.028 / 0.036 | 0.118 |
| H + rule ii f=0.7 | -0.114 (0.067) | -0.058 (0.029) | -0.039 (0.031) | -0.022 (0.032) | -0.006 (0.029) | -0.028 / 0.036 | 0.118 |
| H + rule ii f=0.8 | -0.090 (0.064) | -0.058 (0.028) | -0.039 (0.031) | -0.022 (0.032) | -0.006 (0.029) | -0.028 / 0.036 | 0.094 |
| H + rule ii f=0.9 | -0.067 (0.052) | -0.058 (0.028) | -0.039 (0.031) | -0.022 (0.032) | -0.006 (0.029) | -0.028 / 0.035 | 0.071 |
| H + rule iii-b floor tau=0.95 | -0.087 (0.053) | -0.066 (0.039) | -0.050 (0.039) | -0.024 (0.032) | -0.007 (0.029) | -0.033 / 0.039 | 0.091 |
| H + rule iii-b floor tau=0.97 | -0.097 (0.061) | -0.072 (0.047) | -0.057 (0.045) | -0.029 (0.033) | -0.009 (0.030) | -0.036 / 0.043 | 0.101 |
| H + rule iii-a kappa(250M) | -0.114 (0.055) | -0.072 (0.035) | -0.051 (0.031) | -0.022 (0.033) | -0.006 (0.029) | -0.031 / 0.040 | 0.118 |
| H + rule iii-a kappa(300M) | -0.105 (0.050) | -0.075 (0.034) | -0.054 (0.033) | -0.023 (0.033) | -0.006 (0.029) | -0.032 / 0.041 | 0.109 |
| H + rule iii-a kappa(both) | -0.107 (0.052) | -0.073 (0.034) | -0.053 (0.032) | -0.022 (0.033) | -0.006 (0.029) | -0.032 / 0.041 | 0.111 |

#### F200W: 515 stars; unsaturated-reference dm -0.017 (this run -0.017); median dm (MAD) by dolphot bin

| variant | 13-14 (N=8) | 14-15 (N=157) | 15-16 (N=314) | 16-17 (N=31) | 17-18 (N=5) | all med / MAD | max abs(bin - ref) |
|---|---|---|---|---|---|---|---|
| final | +0.007 (0.032) | -0.071 (0.052) | -0.068 (0.053) | -0.034 (0.046) | -0.075 (0.014) | -0.066 / 0.054 | 0.058 |
| uncapped (a_cat) | -0.117 (0.073) | -0.095 (0.053) | -0.102 (0.048) | -0.042 (0.038) | -0.075 (0.014) | -0.097 / 0.050 | 0.100 |
| H+h0+bgfree uncapped | -0.018 (0.064) | -0.029 (0.036) | -0.032 (0.034) | +0.002 (0.043) | +0.001 (0.016) | -0.030 / 0.038 | 0.019 |
| H+h0+bgfree + cap (round 7) | +0.060 (0.059) | -0.014 (0.027) | -0.023 (0.029) | +0.007 (0.038) | +0.001 (0.016) | -0.018 / 0.030 | 0.077 |
| H+h0+bgfree + rule i f=0.5 gm | +0.055 (0.042) | -0.014 (0.034) | -0.024 (0.030) | +0.007 (0.038) | +0.001 (0.016) | -0.019 / 0.033 | 0.072 |
| H+h0+bgfree + rule i f=0.5 go | +0.055 (0.042) | -0.014 (0.034) | -0.024 (0.030) | +0.007 (0.038) | +0.001 (0.016) | -0.019 / 0.033 | 0.072 |
| H+h0+bgfree + rule i(b-type, replaced only) f=0.5 go | +0.055 (0.042) | -0.014 (0.034) | -0.023 (0.029) | +0.007 (0.038) | +0.001 (0.016) | -0.019 / 0.033 | 0.072 |
| H+h0+bgfree + rule i f=0.6 gm | +0.062 (0.052) | -0.014 (0.030) | -0.023 (0.029) | +0.007 (0.038) | +0.001 (0.016) | -0.018 / 0.032 | 0.079 |
| H+h0+bgfree + rule i f=0.6 go | +0.062 (0.052) | -0.014 (0.030) | -0.023 (0.029) | +0.007 (0.038) | +0.001 (0.016) | -0.018 / 0.032 | 0.079 |
| H+h0+bgfree + rule i(b-type, replaced only) f=0.6 go | +0.062 (0.052) | -0.014 (0.030) | -0.023 (0.029) | +0.007 (0.038) | +0.001 (0.016) | -0.018 / 0.032 | 0.079 |
| H+h0+bgfree + rule i f=0.7 gm | +0.058 (0.067) | -0.013 (0.029) | -0.023 (0.029) | +0.007 (0.038) | +0.001 (0.016) | -0.018 / 0.031 | 0.075 |
| H+h0+bgfree + rule i f=0.7 go | +0.058 (0.067) | -0.013 (0.029) | -0.023 (0.029) | +0.007 (0.038) | +0.001 (0.016) | -0.018 / 0.031 | 0.075 |
| H+h0+bgfree + rule i(b-type, replaced only) f=0.7 go | +0.058 (0.067) | -0.013 (0.029) | -0.023 (0.029) | +0.007 (0.038) | +0.001 (0.016) | -0.018 / 0.031 | 0.075 |
| H+h0+bgfree + rule i f=0.8 gm | +0.058 (0.049) | -0.013 (0.028) | -0.023 (0.029) | +0.007 (0.038) | +0.001 (0.016) | -0.018 / 0.031 | 0.075 |
| H+h0+bgfree + rule i f=0.8 go | +0.058 (0.049) | -0.013 (0.028) | -0.023 (0.029) | +0.007 (0.038) | +0.001 (0.016) | -0.018 / 0.031 | 0.075 |
| H+h0+bgfree + rule i(b-type, replaced only) f=0.8 go | +0.058 (0.049) | -0.013 (0.028) | -0.023 (0.029) | +0.007 (0.038) | +0.001 (0.016) | -0.018 / 0.031 | 0.075 |
| H+h0+bgfree + rule ii f=0.5 | +0.055 (0.072) | -0.025 (0.034) | -0.025 (0.029) | +0.007 (0.038) | +0.001 (0.016) | -0.024 / 0.033 | 0.072 |
| H+h0+bgfree + rule ii f=0.6 | +0.055 (0.072) | -0.025 (0.034) | -0.023 (0.029) | +0.007 (0.038) | +0.001 (0.016) | -0.021 / 0.033 | 0.072 |
| H+h0+bgfree + rule ii f=0.7 | +0.055 (0.072) | -0.024 (0.032) | -0.023 (0.029) | +0.007 (0.038) | +0.001 (0.016) | -0.021 / 0.031 | 0.072 |
| H+h0+bgfree + rule ii f=0.8 | +0.055 (0.072) | -0.017 (0.028) | -0.023 (0.029) | +0.007 (0.038) | +0.001 (0.016) | -0.019 / 0.031 | 0.072 |
| H+h0+bgfree + rule ii f=0.9 | +0.055 (0.067) | -0.014 (0.028) | -0.023 (0.029) | +0.007 (0.038) | +0.001 (0.016) | -0.019 / 0.031 | 0.072 |
| H+h0+bgfree + rule iii-b floor tau=0.95 | +0.011 (0.048) | -0.017 (0.029) | -0.025 (0.031) | +0.007 (0.038) | +0.001 (0.016) | -0.021 / 0.032 | 0.028 |
| H+h0+bgfree + rule iii-b floor tau=0.97 | -0.000 (0.052) | -0.020 (0.028) | -0.026 (0.031) | +0.007 (0.040) | +0.001 (0.016) | -0.023 / 0.032 | 0.024 |
| H+h0+bgfree + rule iii-a kappa(250M) | +0.053 (0.075) | -0.026 (0.035) | -0.028 (0.031) | +0.005 (0.039) | +0.001 (0.016) | -0.025 / 0.035 | 0.070 |
| H+h0+bgfree + rule iii-a kappa(300M) | +0.052 (0.077) | -0.027 (0.037) | -0.028 (0.032) | +0.005 (0.039) | +0.001 (0.016) | -0.026 / 0.035 | 0.069 |
| H+h0+bgfree + rule iii-a kappa(both) | +0.052 (0.076) | -0.027 (0.036) | -0.028 (0.031) | +0.005 (0.039) | +0.001 (0.016) | -0.026 / 0.035 | 0.069 |
| H uncapped | -0.102 (0.090) | -0.064 (0.044) | -0.074 (0.045) | -0.020 (0.034) | -0.009 (0.017) | -0.069 / 0.047 | 0.085 |
| H + cap (round 7) | +0.008 (0.030) | -0.031 (0.021) | -0.040 (0.028) | -0.009 (0.029) | -0.009 (0.017) | -0.034 / 0.028 | 0.025 |
| H + rule i f=0.5 gm | +0.022 (0.054) | -0.031 (0.035) | -0.040 (0.028) | -0.009 (0.029) | -0.009 (0.017) | -0.036 / 0.031 | 0.039 |
| H + rule i f=0.5 go | +0.022 (0.054) | -0.030 (0.035) | -0.040 (0.028) | -0.009 (0.029) | -0.009 (0.017) | -0.036 / 0.031 | 0.039 |
| H + rule i(b-type, replaced only) f=0.5 go | +0.022 (0.054) | -0.030 (0.035) | -0.040 (0.028) | -0.009 (0.029) | -0.009 (0.017) | -0.035 / 0.031 | 0.039 |
| H + rule i f=0.6 gm | +0.018 (0.031) | -0.031 (0.028) | -0.040 (0.028) | -0.009 (0.029) | -0.009 (0.017) | -0.035 / 0.030 | 0.035 |
| H + rule i f=0.6 go | +0.018 (0.031) | -0.031 (0.028) | -0.040 (0.028) | -0.009 (0.029) | -0.009 (0.017) | -0.035 / 0.030 | 0.035 |
| H + rule i(b-type, replaced only) f=0.6 go | +0.018 (0.031) | -0.031 (0.028) | -0.040 (0.028) | -0.009 (0.029) | -0.009 (0.017) | -0.035 / 0.030 | 0.035 |
| H + rule i f=0.7 gm | +0.004 (0.043) | -0.033 (0.029) | -0.040 (0.028) | -0.009 (0.029) | -0.009 (0.017) | -0.035 / 0.029 | 0.023 |
| H + rule i f=0.7 go | +0.004 (0.043) | -0.033 (0.029) | -0.040 (0.028) | -0.009 (0.029) | -0.009 (0.017) | -0.035 / 0.029 | 0.023 |
| H + rule i(b-type, replaced only) f=0.7 go | +0.004 (0.043) | -0.033 (0.029) | -0.040 (0.028) | -0.009 (0.029) | -0.009 (0.017) | -0.035 / 0.029 | 0.023 |
| H + rule i f=0.8 gm | +0.007 (0.028) | -0.029 (0.031) | -0.040 (0.028) | -0.009 (0.029) | -0.009 (0.017) | -0.034 / 0.029 | 0.024 |
| H + rule i f=0.8 go | +0.007 (0.028) | -0.029 (0.031) | -0.040 (0.028) | -0.009 (0.029) | -0.009 (0.017) | -0.034 / 0.029 | 0.024 |
| H + rule i(b-type, replaced only) f=0.8 go | +0.007 (0.028) | -0.029 (0.031) | -0.040 (0.028) | -0.009 (0.029) | -0.009 (0.017) | -0.034 / 0.029 | 0.024 |
| H + rule ii f=0.5 | -0.008 (0.076) | -0.053 (0.036) | -0.043 (0.026) | -0.009 (0.029) | -0.009 (0.017) | -0.044 / 0.031 | 0.036 |
| H + rule ii f=0.6 | -0.008 (0.076) | -0.048 (0.031) | -0.040 (0.028) | -0.009 (0.029) | -0.009 (0.017) | -0.040 / 0.031 | 0.031 |
| H + rule ii f=0.7 | -0.008 (0.076) | -0.042 (0.029) | -0.040 (0.028) | -0.009 (0.029) | -0.009 (0.017) | -0.039 / 0.030 | 0.025 |
| H + rule ii f=0.8 | -0.008 (0.076) | -0.035 (0.028) | -0.040 (0.028) | -0.009 (0.029) | -0.009 (0.017) | -0.036 / 0.029 | 0.023 |
| H + rule ii f=0.9 | -0.008 (0.074) | -0.034 (0.026) | -0.040 (0.028) | -0.009 (0.029) | -0.009 (0.017) | -0.036 / 0.028 | 0.023 |
| H + rule iii-b floor tau=0.95 | -0.048 (0.076) | -0.038 (0.025) | -0.047 (0.031) | -0.010 (0.043) | -0.009 (0.017) | -0.043 / 0.031 | 0.031 |
| H + rule iii-b floor tau=0.97 | -0.070 (0.087) | -0.044 (0.034) | -0.054 (0.034) | -0.010 (0.043) | -0.009 (0.017) | -0.049 / 0.035 | 0.053 |
| H + rule iii-a kappa(250M) | -0.009 (0.074) | -0.057 (0.032) | -0.049 (0.025) | -0.013 (0.034) | -0.009 (0.017) | -0.049 / 0.029 | 0.040 |
| H + rule iii-a kappa(300M) | -0.009 (0.073) | -0.057 (0.031) | -0.051 (0.025) | -0.013 (0.034) | -0.009 (0.017) | -0.051 / 0.029 | 0.040 |
| H + rule iii-a kappa(both) | -0.009 (0.074) | -0.057 (0.031) | -0.051 (0.026) | -0.013 (0.034) | -0.009 (0.017) | -0.050 / 0.029 | 0.040 |

