
#### F250M (905 stars, reference +0.003)

| variant | 12.3-13 | 13-13.5 | 13.5-14 | 14-15 | 15-16 | 16-17 | max dev | trim 0.02-0.05 | trim 0.05-0.10 | trim 0.10-0.15 | trim 0.15-1.00 | med abs(dm-ref), trim>0.02 | frac within 0.05, trim>0.02 |
|---|---|---|---|---|---|---|---|---|---|---|---|---|---|
| cap | +0.082 | +0.004 | -0.005 | -0.008 | +0.006 | +0.013 | 0.079 | -0.003 (N=46) | +0.026 (N=29) | +0.055 (N=19) | +0.129 (N=18) | 0.053 | 0.45 |
| uncap | -0.030 | -0.033 | -0.011 | -0.013 | +0.002 | +0.011 | 0.036 | -0.039 (N=46) | -0.046 (N=29) | -0.057 (N=19) | -0.098 (N=18) | 0.061 | 0.46 |
| floor 0.96 | +0.005 | -0.021 | -0.005 | -0.010 | +0.005 | +0.012 | 0.024 | -0.009 (N=46) | -0.007 (N=29) | -0.023 (N=19) | -0.054 (N=18) | 0.039 | 0.62 |
| gfloor 0.96 f>0.4 | +0.016 | -0.021 | -0.005 | -0.008 | +0.006 | +0.013 | 0.024 | -0.003 (N=46) | +0.009 (N=29) | -0.011 (N=19) | +0.085 (N=18) | 0.042 | 0.57 |
| gfloor 0.96 f>0.5 | +0.016 | -0.021 | -0.005 | -0.008 | +0.006 | +0.013 | 0.024 | -0.003 (N=46) | +0.009 (N=29) | -0.011 (N=19) | +0.085 (N=18) | 0.043 | 0.55 |
| gfloor 0.96 f>0.6 | +0.016 | -0.021 | -0.005 | -0.008 | +0.006 | +0.013 | 0.024 | -0.003 (N=46) | +0.009 (N=29) | -0.011 (N=19) | +0.085 (N=18) | 0.043 | 0.55 |
| gfloor 0.96 f>0.7 | +0.016 | -0.021 | -0.005 | -0.008 | +0.006 | +0.013 | 0.024 | -0.003 (N=46) | +0.009 (N=29) | -0.011 (N=19) | +0.085 (N=18) | 0.043 | 0.55 |
| gfloor 0.9 f>0.5 | +0.058 | +0.001 | -0.005 | -0.008 | +0.006 | +0.013 | 0.055 | -0.003 (N=46) | +0.025 (N=29) | +0.036 (N=19) | +0.085 (N=18) | 0.048 | 0.52 |
| gfloor 0.9 f>0.6 | +0.058 | +0.001 | -0.005 | -0.008 | +0.006 | +0.013 | 0.055 | -0.003 (N=46) | +0.025 (N=29) | +0.036 (N=19) | +0.085 (N=18) | 0.048 | 0.52 |
| gfloor 0.93 f>0.5 | +0.043 | -0.003 | -0.005 | -0.008 | +0.006 | +0.013 | 0.040 | -0.003 (N=46) | +0.018 (N=29) | +0.005 (N=19) | +0.085 (N=18) | 0.046 | 0.53 |
| gfloor 0.93 f>0.6 | +0.043 | -0.003 | -0.005 | -0.008 | +0.006 | +0.013 | 0.040 | -0.003 (N=46) | +0.018 (N=29) | +0.005 (N=19) | +0.085 (N=18) | 0.046 | 0.53 |
| partial 0.3 | +0.002 | -0.028 | -0.006 | -0.011 | +0.004 | +0.012 | 0.031 | -0.032 (N=46) | -0.024 (N=29) | -0.024 (N=19) | -0.031 (N=18) | 0.044 | 0.54 |
| partial 0.5 | +0.029 | -0.011 | -0.005 | -0.010 | +0.004 | +0.012 | 0.026 | -0.024 (N=46) | -0.014 (N=29) | +0.001 (N=19) | +0.024 (N=18) | 0.039 | 0.58 |

#### F300M (944 stars, reference -0.003)

| variant | 12.3-13 | 13-13.5 | 13.5-14 | 14-15 | 15-16 | 16-17 | max dev | trim 0.02-0.05 | trim 0.05-0.10 | trim 0.10-0.15 | trim 0.15-1.00 | med abs(dm-ref), trim>0.02 | frac within 0.05, trim>0.02 |
|---|---|---|---|---|---|---|---|---|---|---|---|---|---|
| cap | +0.079 | -0.006 | -0.003 | -0.006 | +0.001 | +0.005 | 0.082 | -0.026 (N=51) | -0.000 (N=42) | +0.103 (N=18) | +0.152 (N=10) | 0.052 | 0.48 |
| uncap | -0.025 | -0.047 | -0.013 | -0.011 | -0.000 | +0.005 | 0.044 | -0.055 (N=51) | -0.070 (N=42) | -0.032 (N=18) | -0.074 (N=10) | 0.062 | 0.40 |
| floor 0.96 | +0.017 | -0.021 | -0.006 | -0.006 | +0.000 | +0.005 | 0.020 | -0.030 (N=51) | -0.029 (N=42) | +0.013 (N=18) | -0.030 (N=10) | 0.036 | 0.57 |
| gfloor 0.96 f>0.4 | +0.020 | -0.021 | -0.006 | -0.006 | +0.001 | +0.005 | 0.023 | -0.026 (N=51) | -0.013 (N=42) | +0.050 (N=18) | +0.065 (N=10) | 0.051 | 0.49 |
| gfloor 0.96 f>0.5 | +0.020 | -0.021 | -0.005 | -0.006 | +0.001 | +0.005 | 0.023 | -0.026 (N=51) | -0.013 (N=42) | +0.077 (N=18) | +0.065 (N=10) | 0.051 | 0.50 |
| gfloor 0.96 f>0.6 | +0.020 | -0.021 | -0.003 | -0.006 | +0.001 | +0.005 | 0.023 | -0.026 (N=51) | -0.013 (N=42) | +0.077 (N=18) | +0.065 (N=10) | 0.049 | 0.50 |
| gfloor 0.96 f>0.7 | +0.020 | -0.021 | -0.003 | -0.006 | +0.001 | +0.005 | 0.023 | -0.026 (N=51) | -0.013 (N=42) | +0.077 (N=18) | +0.065 (N=10) | 0.049 | 0.50 |
| gfloor 0.9 f>0.5 | +0.072 | -0.007 | -0.003 | -0.006 | +0.001 | +0.005 | 0.075 | -0.026 (N=51) | -0.000 (N=42) | +0.092 (N=18) | +0.094 (N=10) | 0.049 | 0.50 |
| gfloor 0.9 f>0.6 | +0.072 | -0.007 | -0.003 | -0.006 | +0.001 | +0.005 | 0.075 | -0.026 (N=51) | -0.000 (N=42) | +0.092 (N=18) | +0.094 (N=10) | 0.049 | 0.50 |
| gfloor 0.93 f>0.5 | +0.051 | -0.009 | -0.003 | -0.006 | +0.001 | +0.005 | 0.054 | -0.026 (N=51) | -0.000 (N=42) | +0.077 (N=18) | +0.074 (N=10) | 0.046 | 0.52 |
| gfloor 0.93 f>0.6 | +0.051 | -0.009 | -0.003 | -0.006 | +0.001 | +0.005 | 0.054 | -0.026 (N=51) | -0.000 (N=42) | +0.077 (N=18) | +0.074 (N=10) | 0.048 | 0.52 |
| partial 0.3 | +0.013 | -0.035 | -0.012 | -0.008 | +0.000 | +0.005 | 0.032 | -0.048 (N=51) | -0.052 (N=42) | +0.012 (N=18) | -0.005 (N=10) | 0.050 | 0.50 |
| partial 0.5 | +0.028 | -0.024 | -0.011 | -0.006 | +0.000 | +0.005 | 0.031 | -0.043 (N=51) | -0.038 (N=42) | +0.038 (N=18) | +0.041 (N=10) | 0.052 | 0.48 |

#### F150W (1471 stars, reference +0.004)

| variant | 14-15 | 15-16 | 16-17 | 17-18 | 18-19 | max dev | trim 0.02-0.05 | trim 0.05-0.10 | trim 0.10-0.15 | trim 0.15-1.00 | med abs(dm-ref), trim>0.02 | frac within 0.05, trim>0.02 |
|---|---|---|---|---|---|---|---|---|---|---|---|---|
| cap | -0.040 | -0.041 | -0.027 | -0.007 | +0.003 | 0.045 | -0.035 (N=194) | -0.033 (N=92) | -0.035 (N=36) | -0.056 (N=27) | 0.044 | 0.57 |
| uncap | -0.066 | -0.051 | -0.043 | -0.017 | -0.005 | 0.070 | -0.070 (N=194) | -0.104 (N=92) | -0.184 (N=36) | -0.272 (N=27) | 0.095 | 0.19 |
| floor 0.96 | -0.047 | -0.044 | -0.029 | -0.009 | +0.000 | 0.051 | -0.040 (N=194) | -0.063 (N=92) | -0.142 (N=36) | -0.228 (N=27) | 0.059 | 0.42 |
| gfloor 0.96 f>0.4 | -0.047 | -0.043 | -0.028 | -0.007 | +0.003 | 0.051 | -0.036 (N=194) | -0.042 (N=92) | -0.067 (N=36) | -0.081 (N=27) | 0.049 | 0.51 |
| gfloor 0.96 f>0.5 | -0.047 | -0.043 | -0.027 | -0.007 | +0.003 | 0.051 | -0.035 (N=194) | -0.036 (N=92) | -0.053 (N=36) | -0.057 (N=27) | 0.046 | 0.54 |
| gfloor 0.96 f>0.6 | -0.047 | -0.042 | -0.027 | -0.007 | +0.003 | 0.051 | -0.035 (N=194) | -0.036 (N=92) | -0.049 (N=36) | -0.056 (N=27) | 0.045 | 0.55 |
| gfloor 0.96 f>0.7 | -0.047 | -0.041 | -0.027 | -0.007 | +0.003 | 0.051 | -0.035 (N=194) | -0.035 (N=92) | -0.049 (N=36) | -0.056 (N=27) | 0.045 | 0.55 |
| gfloor 0.9 f>0.5 | -0.042 | -0.042 | -0.027 | -0.007 | +0.003 | 0.046 | -0.035 (N=194) | -0.034 (N=92) | -0.049 (N=36) | -0.057 (N=27) | 0.044 | 0.56 |
| gfloor 0.9 f>0.6 | -0.042 | -0.042 | -0.027 | -0.007 | +0.003 | 0.046 | -0.035 (N=194) | -0.034 (N=92) | -0.044 (N=36) | -0.056 (N=27) | 0.044 | 0.57 |
| gfloor 0.93 f>0.5 | -0.045 | -0.042 | -0.027 | -0.007 | +0.003 | 0.049 | -0.035 (N=194) | -0.034 (N=92) | -0.053 (N=36) | -0.057 (N=27) | 0.045 | 0.56 |
| gfloor 0.93 f>0.6 | -0.045 | -0.042 | -0.027 | -0.007 | +0.003 | 0.049 | -0.035 (N=194) | -0.034 (N=92) | -0.049 (N=36) | -0.056 (N=27) | 0.045 | 0.56 |
| partial 0.3 | -0.061 | -0.049 | -0.038 | -0.015 | -0.003 | 0.065 | -0.059 (N=194) | -0.085 (N=92) | -0.144 (N=36) | -0.203 (N=27) | 0.079 | 0.27 |
| partial 0.5 | -0.054 | -0.047 | -0.034 | -0.012 | -0.002 | 0.058 | -0.052 (N=194) | -0.072 (N=92) | -0.115 (N=36) | -0.159 (N=27) | 0.069 | 0.35 |

#### F200W (515 stars, reference -0.017)

| variant | 13-14 | 14-15 | 15-16 | 16-17 | 17-18 | max dev | trim 0.02-0.05 | trim 0.05-0.10 | trim 0.10-0.15 | trim 0.15-1.00 | med abs(dm-ref), trim>0.02 | frac within 0.05, trim>0.02 |
|---|---|---|---|---|---|---|---|---|---|---|---|---|
| cap | +0.060 | -0.014 | -0.023 | +0.007 | +0.001 | 0.077 | -0.026 (N=62) | -0.040 (N=40) | -0.030 (N=17) | -0.026 (N=10) | 0.024 | 0.78 |
| uncap | -0.018 | -0.029 | -0.032 | +0.002 | +0.001 | 0.019 | -0.057 (N=62) | -0.115 (N=40) | -0.153 (N=17) | -0.216 (N=10) | 0.074 | 0.41 |
| floor 0.96 | +0.006 | -0.018 | -0.026 | +0.007 | +0.001 | 0.024 | -0.030 (N=62) | -0.070 (N=40) | -0.108 (N=17) | -0.172 (N=10) | 0.040 | 0.57 |
| gfloor 0.96 f>0.4 | +0.060 | -0.018 | -0.025 | +0.007 | +0.001 | 0.077 | -0.029 (N=62) | -0.050 (N=40) | -0.090 (N=17) | -0.145 (N=10) | 0.032 | 0.67 |
| gfloor 0.96 f>0.5 | +0.060 | -0.018 | -0.024 | +0.007 | +0.001 | 0.077 | -0.027 (N=62) | -0.045 (N=40) | -0.060 (N=17) | -0.066 (N=10) | 0.029 | 0.72 |
| gfloor 0.96 f>0.6 | +0.060 | -0.018 | -0.023 | +0.007 | +0.001 | 0.077 | -0.026 (N=62) | -0.042 (N=40) | -0.060 (N=17) | -0.066 (N=10) | 0.026 | 0.73 |
| gfloor 0.96 f>0.7 | +0.060 | -0.017 | -0.023 | +0.007 | +0.001 | 0.077 | -0.026 (N=62) | -0.041 (N=40) | -0.060 (N=17) | -0.066 (N=10) | 0.026 | 0.74 |
| gfloor 0.9 f>0.5 | +0.060 | -0.017 | -0.024 | +0.007 | +0.001 | 0.077 | -0.026 (N=62) | -0.040 (N=40) | -0.034 (N=17) | -0.066 (N=10) | 0.026 | 0.74 |
| gfloor 0.9 f>0.6 | +0.060 | -0.017 | -0.023 | +0.007 | +0.001 | 0.077 | -0.026 (N=62) | -0.040 (N=40) | -0.034 (N=17) | -0.066 (N=10) | 0.026 | 0.75 |
| gfloor 0.93 f>0.5 | +0.060 | -0.017 | -0.024 | +0.007 | +0.001 | 0.077 | -0.026 (N=62) | -0.040 (N=40) | -0.060 (N=17) | -0.066 (N=10) | 0.028 | 0.74 |
| gfloor 0.93 f>0.6 | +0.060 | -0.017 | -0.023 | +0.007 | +0.001 | 0.077 | -0.026 (N=62) | -0.040 (N=40) | -0.060 (N=17) | -0.066 (N=10) | 0.028 | 0.75 |
| partial 0.3 | +0.007 | -0.025 | -0.030 | +0.002 | +0.001 | 0.024 | -0.046 (N=62) | -0.090 (N=40) | -0.114 (N=17) | -0.158 (N=10) | 0.061 | 0.46 |
| partial 0.5 | +0.031 | -0.022 | -0.029 | +0.003 | +0.001 | 0.048 | -0.041 (N=62) | -0.077 (N=40) | -0.090 (N=17) | -0.121 (N=10) | 0.047 | 0.51 |
