
### F250M: 905 stars; per-star median trim = 1 - min(a,cap)/a (H+h0+bgfree); entries: median dm (MAD) [frac |dm-ref|<0.05]
| trim | N | mag range | uncap | cap | floor.96 | floor.90 | floor.85 |
|---|---|---|---|---|---|---|---|
| 0.00-0.02 | 793 | 14.2-16.4 | +0.004 (0.033) [0.80] | +0.004 (0.033) [0.81] | +0.004 (0.033) [0.81] | +0.004 (0.033) [0.81] | +0.004 (0.033) [0.81] |
| 0.02-0.05 | 46 | 13.0-15.8 | -0.039 (0.060) [0.52] | -0.003 (0.064) [0.57] | -0.009 (0.055) [0.67] | -0.003 (0.062) [0.57] | -0.003 (0.064) [0.57] |
| 0.05-0.10 | 29 | 12.9-15.7 | -0.046 (0.047) [0.52] | +0.026 (0.057) [0.55] | -0.007 (0.044) [0.66] | +0.018 (0.045) [0.66] | +0.026 (0.057) [0.55] |
| 0.10-0.15 | 19 | 12.9-15.6 | -0.057 (0.057) [0.42] | +0.055 (0.066) [0.32] | -0.023 (0.073) [0.58] | +0.036 (0.069) [0.53] | +0.055 (0.066) [0.32] |
| 0.15-0.25 | 16 | 12.7-16.2 | -0.098 (0.078) [0.25] | +0.124 (0.078) [0.12] | -0.054 (0.078) [0.44] | +0.014 (0.087) [0.50] | +0.066 (0.077) [0.31] |
| 0.25-1.00 | 2 | | - | - | - | - | - |

F250M stars with trim >= 0.15: idx, ref mag, trim, dm cap, dm floor.96, dm uncap
  326 13.04 0.17 +0.091 -0.069 -0.113
  348 12.97 0.24 +0.167 -0.081 -0.125
  453 15.27 0.22 -0.046 -0.263 -0.307
  519 12.64 0.18 +0.174 +0.052 +0.008
  572 14.47 0.16 -0.078 -0.220 -0.264
  747 15.09 0.20 +0.223 +0.023 -0.021
  784 15.12 0.17 +0.129 -0.030 -0.074
  791 15.68 0.29 +0.365 +0.036 -0.008
  816 16.21 0.21 +0.227 +0.022 -0.022
  826 16.17 0.20 +0.095 -0.106 -0.150
  882 15.21 0.21 +0.120 -0.064 -0.109
  902 15.86 0.17 +0.129 -0.029 -0.073
  973 17.52 0.17 +0.254 +0.099 +0.055
  1002 13.05 0.18 +0.047 -0.108 -0.152
  1014 12.70 0.59 +0.563 -0.381 -0.425
  1015 12.72 0.15 +0.069 -0.084 -0.112
  1016 12.74 0.20 +0.209 +0.004 -0.024
  1021 12.82 0.16 +0.106 -0.044 -0.088

### F300M: 944 stars; per-star median trim = 1 - min(a,cap)/a (H+h0+bgfree); entries: median dm (MAD) [frac |dm-ref|<0.05]
| trim | N | mag range | uncap | cap | floor.96 | floor.90 | floor.85 |
|---|---|---|---|---|---|---|---|
| 0.00-0.02 | 823 | 14.1-16.3 | +0.000 (0.031) [0.82] | +0.000 (0.031) [0.83] | +0.000 (0.031) [0.83] | +0.000 (0.031) [0.83] | +0.000 (0.031) [0.83] |
| 0.02-0.05 | 51 | 13.3-15.7 | -0.055 (0.047) [0.39] | -0.026 (0.054) [0.59] | -0.030 (0.051) [0.63] | -0.026 (0.054) [0.61] | -0.026 (0.054) [0.59] |
| 0.05-0.10 | 42 | 13.0-15.6 | -0.070 (0.068) [0.31] | -0.000 (0.068) [0.55] | -0.029 (0.067) [0.52] | -0.004 (0.069) [0.55] | -0.000 (0.068) [0.55] |
| 0.10-0.15 | 18 | 12.9-15.9 | -0.032 (0.029) [0.72] | +0.103 (0.044) [0.17] | +0.013 (0.031) [0.67] | +0.083 (0.038) [0.22] | +0.101 (0.050) [0.22] |
| 0.15-0.25 | 9 | 12.8-15.5 | -0.049 (0.141) [0.33] | +0.204 (0.174) [0.22] | -0.005 (0.141) [0.33] | +0.065 (0.103) [0.22] | +0.125 (0.071) [0.22] |
| 0.25-1.00 | 1 | | - | - | - | - | - |

F300M stars with trim >= 0.15: idx, ref mag, trim, dm cap, dm floor.96, dm uncap
  258 12.85 0.20 +0.204 -0.005 -0.049
  475 15.03 0.17 -0.008 -0.171 -0.216
  766 14.59 0.23 +0.274 +0.028 -0.017
  812 15.41 0.20 +0.322 +0.118 +0.076
  848 16.08 0.25 -0.034 -0.301 -0.346
  1031 16.38 0.27 -0.151 -0.549 -0.571
  1058 12.73 0.21 +0.243 +0.020 -0.024
  1109 12.99 0.16 +0.100 -0.055 -0.098
  1110 13.00 0.18 +0.065 -0.100 -0.144
  1126 12.92 0.23 +0.405 +0.100 +0.077

### F150W: 1471 stars; per-star median trim = 1 - min(a,cap)/a (H+h0+bgfree); entries: median dm (MAD) [frac |dm-ref|<0.05]
| trim | N | mag range | uncap | cap | floor.96 | floor.90 | floor.85 |
|---|---|---|---|---|---|---|---|
| 0.00-0.02 | 1122 | 15.8-18.3 | -0.012 (0.037) [0.77] | -0.007 (0.035) [0.81] | -0.007 (0.035) [0.81] | -0.007 (0.035) [0.81] | -0.007 (0.035) [0.81] |
| 0.02-0.05 | 194 | 15.5-18.2 | -0.070 (0.038) [0.27] | -0.035 (0.034) [0.62] | -0.040 (0.035) [0.56] | -0.035 (0.034) [0.62] | -0.035 (0.034) [0.62] |
| 0.05-0.10 | 92 | 15.6-18.0 | -0.104 (0.051) [0.15] | -0.033 (0.045) [0.58] | -0.063 (0.050) [0.36] | -0.035 (0.045) [0.57] | -0.033 (0.045) [0.58] |
| 0.10-0.15 | 36 | 15.6-17.6 | -0.184 (0.034) [0.03] | -0.035 (0.044) [0.53] | -0.142 (0.034) [0.06] | -0.076 (0.039) [0.28] | -0.040 (0.042) [0.53] |
| 0.15-0.25 | 25 | 15.4-18.2 | -0.272 (0.074) [0.00] | -0.056 (0.068) [0.28] | -0.228 (0.074) [0.08] | -0.158 (0.074) [0.12] | -0.108 (0.068) [0.20] |
| 0.25-1.00 | 2 | | - | - | - | - | - |

F150W stars with trim >= 0.15: idx, ref mag, trim, dm cap, dm floor.96, dm uncap
  380 15.72 0.20 -1.419 -1.609 -1.640
  416 14.50 0.31 +0.250 -0.108 -0.152
  474 15.69 0.20 -0.116 -0.310 -0.354
  486 15.36 0.16 -0.102 -0.256 -0.300
  525 15.27 0.16 -0.011 -0.149 -0.193
  540 15.54 0.17 -0.127 -0.290 -0.334
  558 15.37 0.22 +0.079 -0.138 -0.183
  582 15.34 0.20 -0.059 -0.267 -0.312
  782 17.06 0.18 -0.103 -0.275 -0.320
  819 16.13 0.17 -0.056 -0.228 -0.272
  940 16.69 0.16 -0.039 -0.191 -0.235
  973 16.59 0.15 -0.057 -0.195 -0.239
  1017 16.49 0.20 +0.036 -0.161 -0.206
  1073 16.99 0.19 -0.081 -0.271 -0.315
  1261 17.24 0.25 -0.112 -0.380 -0.424
  1475 17.54 0.18 +0.001 -0.178 -0.223
  1504 18.37 0.19 -0.015 -0.194 -0.238
  1643 17.56 0.18 +0.080 -0.096 -0.140
  1671 17.82 0.19 -0.061 -0.251 -0.289
  1766 18.00 0.23 +0.004 -0.241 -0.285
  1872 17.97 0.25 -0.086 -0.346 -0.390
  1926 18.16 0.21 -0.068 -0.280 -0.324
  1940 18.05 0.19 -0.090 -0.273 -0.318
  1948 18.17 0.15 +0.118 -0.025 -0.070
  2200 18.10 0.18 -0.051 -0.225 -0.269
  2268 18.38 0.18 +0.026 -0.149 -0.193
  2310 17.64 0.17 +0.132 -0.043 -0.087

### F200W: 515 stars; per-star median trim = 1 - min(a,cap)/a (H+h0+bgfree); entries: median dm (MAD) [frac |dm-ref|<0.05]
| trim | N | mag range | uncap | cap | floor.96 | floor.90 | floor.85 |
|---|---|---|---|---|---|---|---|
| 0.00-0.02 | 386 | 14.4-15.9 | -0.019 (0.030) [0.85] | -0.014 (0.028) [0.86] | -0.014 (0.028) [0.86] | -0.014 (0.028) [0.86] | -0.014 (0.028) [0.86] |
| 0.02-0.05 | 62 | 14.1-15.8 | -0.057 (0.024) [0.66] | -0.026 (0.026) [0.82] | -0.030 (0.029) [0.82] | -0.026 (0.026) [0.82] | -0.026 (0.026) [0.82] |
| 0.05-0.10 | 40 | 14.1-15.8 | -0.115 (0.045) [0.23] | -0.040 (0.030) [0.80] | -0.070 (0.045) [0.47] | -0.040 (0.030) [0.82] | -0.040 (0.030) [0.80] |
| 0.10-0.15 | 17 | 14.3-15.7 | -0.153 (0.055) [0.12] | -0.030 (0.055) [0.59] | -0.108 (0.055) [0.12] | -0.047 (0.063) [0.47] | -0.030 (0.055) [0.59] |
| 0.15-0.25 | 10 | 14.0-15.6 | -0.216 (0.047) [0.10] | -0.026 (0.050) [0.70] | -0.172 (0.047) [0.10] | -0.106 (0.040) [0.20] | -0.057 (0.035) [0.50] |
| 0.25-1.00 | 0 | | - | - | - | - | - |

F200W stars with trim >= 0.15: idx, ref mag, trim, dm cap, dm floor.96, dm uncap
  90 13.96 0.16 +0.137 -0.020 -0.059
  124 14.32 0.17 +0.007 -0.158 -0.202
  195 14.77 0.15 -0.084 -0.224 -0.268
  246 14.83 0.16 -0.034 -0.174 -0.218
  263 14.26 0.16 -0.018 -0.160 -0.205
  283 14.00 0.15 -0.037 -0.169 -0.214
  483 15.19 0.16 -0.068 -0.212 -0.256
  601 15.59 0.16 -0.063 -0.204 -0.248
  619 15.25 0.20 +0.007 -0.202 -0.246
  635 15.82 0.15 +0.003 -0.132 -0.177
