**WARNING**: LOCAL JWST PRD VERSION PRDOPSSOC-072 DOESN'T MATCH THE CURRENT ONLINE VERSION PRDOPSSOC-075
Please consider updating pysiaf, e.g. pip install --upgrade pysiaf or conda update pysiaf
brick  F115W nrca1     B=-533 DN (n=1666) 1+B/2440=0.7814 DESTRKMD=insitu
brick  F115W nrca2     B=-17 DN (n=2060) 1+B/2440=0.9932 DESTRKMD=insitu
brick  F115W nrca3     B=-513 DN (n=1776) 1+B/2440=0.7899 DESTRKMD=insitu
brick  F115W nrca4     B=-24 DN (n=2347) 1+B/2440=0.9901 DESTRKMD=insitu
brick  F115W nrcb1     B=-27 DN (n=2086) 1+B/2440=0.9890 DESTRKMD=None
brick  F115W nrcb2     B=-17 DN (n=2299) 1+B/2440=0.9930 DESTRKMD=None
brick  F115W nrcb3     B=-15 DN (n=2381) 1+B/2440=0.9937 DESTRKMD=None
brick  F115W nrcb4     B=-13 DN (n=2704) 1+B/2440=0.9947 DESTRKMD=None
brick  F200W nrca1     B=+33 DN (n=22917) 1+B/2440=1.0134 DESTRKMD=insitu
brick  F200W nrca2     B=+40 DN (n=42438) 1+B/2440=1.0165 DESTRKMD=insitu
brick  F200W nrca3     B=+22 DN (n=24533) 1+B/2440=1.0090 DESTRKMD=insitu
brick  F200W nrca4     B=+32 DN (n=54239) 1+B/2440=1.0131 DESTRKMD=insitu
brick  F200W nrcb1     B=-12 DN (n=47779) 1+B/2440=0.9952 DESTRKMD=None
brick  F200W nrcb2     B=-13 DN (n=45339) 1+B/2440=0.9946 DESTRKMD=None
brick  F200W nrcb3     B=-12 DN (n=74604) 1+B/2440=0.9953 DESTRKMD=None
brick  F200W nrcb4     B=-14 DN (n=55075) 1+B/2440=0.9943 DESTRKMD=None
brick  F356W nrcalong  B=+8 DN (n=658837) 1+B/2440=1.0031 DESTRKMD=insitu
brick  F356W nrcblong  B=-475 DN (n=1464865) 1+B/2440=0.8052 DESTRKMD=None
brick  F444W nrcalong  B=+13 DN (n=1159446) 1+B/2440=1.0052 DESTRKMD=insitu
brick  F444W nrcblong  B=-522 DN (n=2006767) 1+B/2440=0.7860 DESTRKMD=None
sgrb2  F150W nrca1     B=+59 DN (n=4644) 1+B/2440=1.0242 DESTRKMD=insitu
sgrb2  F150W nrca2     B=+102 DN (n=7939) 1+B/2440=1.0416 DESTRKMD=insitu
sgrb2  F150W nrca3     B=+21 DN (n=6737) 1+B/2440=1.0086 DESTRKMD=insitu
sgrb2  F150W nrca4     B=+85 DN (n=6676) 1+B/2440=1.0348 DESTRKMD=insitu
sgrb2  F150W nrcb1     B=+67 DN (n=4917) 1+B/2440=1.0276 DESTRKMD=insitu
sgrb2  F150W nrcb2     B=+37 DN (n=6493) 1+B/2440=1.0151 DESTRKMD=insitu
sgrb2  F150W nrcb3     B=+32 DN (n=7035) 1+B/2440=1.0132 DESTRKMD=insitu
sgrb2  F150W nrcb4     B=+32 DN (n=7884) 1+B/2440=1.0129 DESTRKMD=insitu
sgrb2  F210M nrca1     B=+71 DN (n=8617) 1+B/2440=1.0292 DESTRKMD=insitu
sgrb2  F210M nrca2     B=+113 DN (n=14280) 1+B/2440=1.0463 DESTRKMD=insitu
sgrb2  F210M nrca3     B=+31 DN (n=11192) 1+B/2440=1.0127 DESTRKMD=insitu
sgrb2  F210M nrca4     B=+94 DN (n=11744) 1+B/2440=1.0385 DESTRKMD=insitu
sgrb2  F210M nrcb1     B=+89 DN (n=7879) 1+B/2440=1.0363 DESTRKMD=insitu
sgrb2  F210M nrcb2     B=+48 DN (n=11119) 1+B/2440=1.0197 DESTRKMD=insitu
sgrb2  F210M nrcb3     B=+38 DN (n=12831) 1+B/2440=1.0155 DESTRKMD=insitu
sgrb2  F210M nrcb4     B=+40 DN (n=12020) 1+B/2440=1.0164 DESTRKMD=insitu
sgrb2  F360M nrcalong  B=+13 DN (n=75830) 1+B/2440=1.0052 DESTRKMD=insitu
sgrb2  F360M nrcblong  B=+27 DN (n=64330) 1+B/2440=1.0110 DESTRKMD=insitu
sgrb2  F480M nrcalong  B=+22 DN (n=41936) 1+B/2440=1.0088 DESTRKMD=insitu
sgrb2  F480M nrcblong  B=+35 DN (n=50840) 1+B/2440=1.0142 DESTRKMD=insitu
sgrc   F115W nrca1     B=-767 DN (n=749) 1+B/2440=0.6858 DESTRKMD=insitu
sgrc   F115W nrca2     B=-712 DN (n=739) 1+B/2440=0.7082 DESTRKMD=insitu
sgrc   F115W nrca3     B=-670 DN (n=777) 1+B/2440=0.7253 DESTRKMD=insitu
sgrc   F115W nrca4     B=-734 DN (n=837) 1+B/2440=0.6991 DESTRKMD=insitu
sgrc   F115W nrcb1     B=-589 DN (n=791) 1+B/2440=0.7585 DESTRKMD=insitu
sgrc   F115W nrcb2     B=-678 DN (n=750) 1+B/2440=0.7219 DESTRKMD=insitu
sgrc   F115W nrcb3     B=-602 DN (n=872) 1+B/2440=0.7533 DESTRKMD=insitu
sgrc   F115W nrcb4     B=-726 DN (n=718) 1+B/2440=0.7023 DESTRKMD=insitu
sgrc   F162M nrca1     B=+45 DN (n=1580) 1+B/2440=1.0186 DESTRKMD=insitu
sgrc   F162M nrca2     B=+80 DN (n=1661) 1+B/2440=1.0326 DESTRKMD=insitu
sgrc   F162M nrca3     B=+28 DN (n=2973) 1+B/2440=1.0113 DESTRKMD=insitu
sgrc   F162M nrca4     B=+63 DN (n=1649) 1+B/2440=1.0258 DESTRKMD=insitu
sgrc   F162M nrcb1     B=+71 DN (n=2737) 1+B/2440=1.0290 DESTRKMD=insitu
sgrc   F162M nrcb2     B=+35 DN (n=2792) 1+B/2440=1.0145 DESTRKMD=insitu
sgrc   F162M nrcb3     B=+36 DN (n=3118) 1+B/2440=1.0147 DESTRKMD=insitu
sgrc   F162M nrcb4     B=+40 DN (n=2637) 1+B/2440=1.0166 DESTRKMD=insitu
sgrc   F360M nrcalong  B=+18 DN (n=17286) 1+B/2440=1.0075 DESTRKMD=insitu
sgrc   F360M nrcblong  B=+28 DN (n=14804) 1+B/2440=1.0115 DESTRKMD=insitu
sgrc   F480M nrcalong  B=+23 DN (n=16223) 1+B/2440=1.0095 DESTRKMD=insitu
sgrc   F480M nrcblong  B=+29 DN (n=7254) 1+B/2440=1.0120 DESTRKMD=insitu
wd2    F150W nrca1     B=-630 DN (n=1824) 1+B/2440=0.7417 DESTRKMD=None
wd2    F150W nrca2     B=-617 DN (n=1538) 1+B/2440=0.7472 DESTRKMD=None
wd2    F150W nrca3     B=-572 DN (n=1724) 1+B/2440=0.7658 DESTRKMD=None
wd2    F150W nrca4     B=-442 DN (n=2312) 1+B/2440=0.8188 DESTRKMD=None
wd2    F150W nrcb1     B=-12 DN (n=2436) 1+B/2440=0.9952 DESTRKMD=None
wd2    F150W nrcb2     B=-15 DN (n=2226) 1+B/2440=0.9938 DESTRKMD=None
wd2    F150W nrcb3     B=+16 DN (n=3147) 1+B/2440=1.0064 DESTRKMD=None
wd2    F150W nrcb4     B=+17 DN (n=3246) 1+B/2440=1.0068 DESTRKMD=None
wd2    F200W nrca1     B=-19 DN (n=2641) 1+B/2440=0.9923 DESTRKMD=None
wd2    F200W nrca2     B=-27 DN (n=2131) 1+B/2440=0.9890 DESTRKMD=None
wd2    F200W nrca3     B=-11 DN (n=2532) 1+B/2440=0.9954 DESTRKMD=None
wd2    F200W nrca4     B=-6 DN (n=3696) 1+B/2440=0.9974 DESTRKMD=None
wd2    F200W nrcb1     B=-4 DN (n=3564) 1+B/2440=0.9983 DESTRKMD=None
wd2    F200W nrcb2     B=+9 DN (n=3678) 1+B/2440=1.0038 DESTRKMD=None
wd2    F200W nrcb3     B=+16 DN (n=4272) 1+B/2440=1.0067 DESTRKMD=None
wd2    F200W nrcb4     B=+29 DN (n=5588) 1+B/2440=1.0119 DESTRKMD=None
wd2    F250M nrcalong  B=-91 DN (n=3958) 1+B/2440=0.9629 DESTRKMD=None
wd2    F250M nrcblong  B=-6 DN (n=4096) 1+B/2440=0.9977 DESTRKMD=None
wd2    F300M nrcalong  B=-51 DN (n=5531) 1+B/2440=0.9792 DESTRKMD=None
wd2    F300M nrcblong  B=+3 DN (n=4977) 1+B/2440=1.0011 DESTRKMD=None
ALLDONE 80
