**WARNING**: LOCAL JWST PRD VERSION PRDOPSSOC-072 DOESN'T MATCH THE CURRENT ONLINE VERSION PRDOPSSOC-075
Please consider updating pysiaf, e.g. pip install --upgrade pysiaf or conda update pysiaf
brick  F115W nrca1     off=+0.000 (-0.01..+0.01) off_dn=+0 slope=1.218 ped=+1299 slope_cal=1.218 ped_cal=+1299 g0rim=0 rimbias=+0.0005 {'S_SKYMAT': None, 'S_REFPIX': 'COMPLETE', 'READPATT': 'SHALLOW2'}
brick  F115W nrca2     off=-0.000 (-0.01..+0.01) off_dn=-0 slope=0.927 ped=+44 slope_cal=0.927 ped_cal=+44 g0rim=22 rimbias=-0.0000 {'S_SKYMAT': None, 'S_REFPIX': 'COMPLETE', 'READPATT': 'SHALLOW2'}
brick  F115W nrca3     off=+0.000 (-0.01..+0.01) off_dn=+0 slope=0.200 ped=-16 slope_cal=0.200 ped_cal=-17 g0rim=3345 rimbias=+0.0000 {'S_SKYMAT': None, 'S_REFPIX': 'COMPLETE', 'READPATT': 'SHALLOW2'}
brick  F115W nrca4     off=+0.000 (-0.01..+0.02) off_dn=+0 slope=0.945 ped=+91 slope_cal=0.945 ped_cal=+91 g0rim=8110 rimbias=+0.0000 {'S_SKYMAT': None, 'S_REFPIX': 'COMPLETE', 'READPATT': 'SHALLOW2'}
brick  F115W nrcb1     off=+1.007 (+0.99..+1.02) off_dn=+5 slope=0.920 ped=+68 slope_cal=0.920 ped_cal=+63 g0rim=-8 rimbias=-0.6154 {'S_SKYMAT': 'COMPLETE', 'S_REFPIX': 'COMPLETE', 'READPATT': 'SHALLOW2'}
brick  F115W nrcb2     off=+1.006 (+0.99..+1.03) off_dn=+5 slope=0.956 ped=+70 slope_cal=0.956 ped_cal=+65 g0rim=-1 rimbias=-9.4014 {'S_SKYMAT': 'COMPLETE', 'S_REFPIX': 'COMPLETE', 'READPATT': 'SHALLOW2'}
brick  F115W nrcb3     off=+1.014 (+0.99..+1.06) off_dn=+5 slope=0.950 ped=+83 slope_cal=0.950 ped_cal=+78 g0rim=30 rimbias=+0.1673 {'S_SKYMAT': 'COMPLETE', 'S_REFPIX': 'COMPLETE', 'READPATT': 'SHALLOW2'}
brick  F115W nrcb4     off=+1.024 (+0.99..+1.06) off_dn=+6 slope=0.880 ped=-9 slope_cal=0.880 ped_cal=-15 g0rim=18526 rimbias=+0.0003 {'S_SKYMAT': 'COMPLETE', 'S_REFPIX': 'COMPLETE', 'READPATT': 'SHALLOW2'}
brick  F200W nrca1     off=+0.004 (-0.13..+0.32) off_dn=+0 slope=1.003 ped=-42 slope_cal=1.004 ped_cal=-43 g0rim=35 rimbias=+0.0010 {'S_SKYMAT': None, 'S_REFPIX': 'COMPLETE', 'READPATT': 'SHALLOW2'}
brick  F200W nrca2     off=-0.004 (-0.20..+0.27) off_dn=-0 slope=1.018 ped=-33 slope_cal=1.018 ped_cal=-33 g0rim=23958 rimbias=-0.0000 {'S_SKYMAT': None, 'S_REFPIX': 'COMPLETE', 'READPATT': 'SHALLOW2'}
brick  F200W nrca3     off=+0.011 (-0.13..+0.25) off_dn=+0 slope=1.005 ped=-24 slope_cal=1.005 ped_cal=-25 g0rim=24742 rimbias=+0.0000 {'S_SKYMAT': None, 'S_REFPIX': 'COMPLETE', 'READPATT': 'SHALLOW2'}
brick  F200W nrca4     off=-0.006 (-0.20..+0.30) off_dn=-0 slope=1.010 ped=-31 slope_cal=1.010 ped_cal=-32 g0rim=23473 rimbias=-0.0000 {'S_SKYMAT': None, 'S_REFPIX': 'COMPLETE', 'READPATT': 'SHALLOW2'}
brick  F200W nrcb1     off=+5.249 (+4.68..+5.85) off_dn=+41 slope=1.003 ped=+5 slope_cal=1.003 ped_cal=-36 g0rim=20848 rimbias=+0.0020 {'S_SKYMAT': 'COMPLETE', 'S_REFPIX': 'COMPLETE', 'READPATT': 'SHALLOW2'}
brick  F200W nrcb2     off=+4.736 (+4.41..+5.19) off_dn=+39 slope=1.004 ped=+4 slope_cal=1.005 ped_cal=-36 g0rim=29655 rimbias=+0.0013 {'S_SKYMAT': 'COMPLETE', 'S_REFPIX': 'COMPLETE', 'READPATT': 'SHALLOW2'}
brick  F200W nrcb3     off=+5.554 (+5.19..+6.13) off_dn=+46 slope=1.014 ped=+11 slope_cal=1.014 ped_cal=-38 g0rim=28894 rimbias=+0.0016 {'S_SKYMAT': 'COMPLETE', 'S_REFPIX': 'COMPLETE', 'READPATT': 'SHALLOW2'}
brick  F200W nrcb4     off=+5.470 (+4.69..+6.07) off_dn=+49 slope=1.014 ped=+16 slope_cal=1.014 ped_cal=-35 g0rim=30779 rimbias=+0.0016 {'S_SKYMAT': 'COMPLETE', 'S_REFPIX': 'COMPLETE', 'READPATT': 'SHALLOW2'}
brick  F356W nrcalong  off=-0.012 (-0.21..+0.57) off_dn=-0 slope=0.989 ped=-25 slope_cal=0.989 ped_cal=-40 g0rim=29382 rimbias=-0.0000 {'S_SKYMAT': None, 'S_REFPIX': 'COMPLETE', 'READPATT': 'SHALLOW2'}
brick  F356W nrcblong  off=+11.944 (+6.10..+13.40) off_dn=+508 slope=1.007 ped=+463 slope_cal=1.001 ped_cal=-49 g0rim=28821 rimbias=+0.0176 {'S_SKYMAT': 'COMPLETE', 'S_REFPIX': 'COMPLETE', 'READPATT': 'SHALLOW2'}
brick  F444W nrcalong  off=-0.007 (-0.38..+0.53) off_dn=-0 slope=1.002 ped=-15 slope_cal=1.002 ped_cal=-27 g0rim=31065 rimbias=-0.0000 {'S_SKYMAT': None, 'S_REFPIX': 'COMPLETE', 'READPATT': 'SHALLOW2'}
brick  F444W nrcblong  off=+12.907 (+8.60..+13.92) off_dn=+560 slope=1.011 ped=+517 slope_cal=1.007 ped_cal=-38 g0rim=29688 rimbias=+0.0189 {'S_SKYMAT': 'COMPLETE', 'S_REFPIX': 'COMPLETE', 'READPATT': 'SHALLOW2'}
sgrb2  F150W nrca1     off=+0.000 (-0.04..+0.03) off_dn=+0 slope=1.001 ped=-49 slope_cal=1.001 ped_cal=-49 g0rim=-39 rimbias=-0.0000 {'S_SKYMAT': 'COMPLETE', 'S_REFPIX': 'COMPLETE', 'READPATT': 'SHALLOW2'}
sgrb2  F150W nrca2     off=-0.000 (-0.04..+0.08) off_dn=-0 slope=1.004 ped=-90 slope_cal=1.004 ped_cal=-90 g0rim=16971 rimbias=-0.0000 {'S_SKYMAT': 'COMPLETE', 'S_REFPIX': 'COMPLETE', 'READPATT': 'SHALLOW2'}
sgrb2  F150W nrca3     off=+0.003 (-0.03..+0.06) off_dn=+0 slope=1.008 ped=-9 slope_cal=1.008 ped_cal=-9 g0rim=20177 rimbias=+0.0000 {'S_SKYMAT': 'COMPLETE', 'S_REFPIX': 'COMPLETE', 'READPATT': 'SHALLOW2'}
sgrb2  F150W nrca4     off=+0.003 (-0.09..+0.08) off_dn=+0 slope=1.000 ped=-74 slope_cal=1.000 ped_cal=-75 g0rim=19220 rimbias=+0.0000 {'S_SKYMAT': 'COMPLETE', 'S_REFPIX': 'COMPLETE', 'READPATT': 'SHALLOW2'}
sgrb2  F150W nrcb1     off=-0.003 (-0.05..+0.06) off_dn=-0 slope=0.989 ped=-62 slope_cal=0.989 ped_cal=-62 g0rim=6327 rimbias=-0.0000 {'S_SKYMAT': 'COMPLETE', 'S_REFPIX': 'COMPLETE', 'READPATT': 'SHALLOW2'}
sgrb2  F150W nrcb2     off=-0.000 (-0.05..+0.05) off_dn=-0 slope=0.993 ped=-43 slope_cal=0.993 ped_cal=-43 g0rim=20972 rimbias=-0.0000 {'S_SKYMAT': 'COMPLETE', 'S_REFPIX': 'COMPLETE', 'READPATT': 'SHALLOW2'}
sgrb2  F150W nrcb3     off=-0.001 (-0.02..+0.03) off_dn=-0 slope=1.012 ped=-10 slope_cal=1.012 ped_cal=-11 g0rim=18797 rimbias=-0.0000 {'S_SKYMAT': 'COMPLETE', 'S_REFPIX': 'COMPLETE', 'READPATT': 'SHALLOW2'}
sgrb2  F150W nrcb4     off=+0.001 (-0.06..+0.05) off_dn=+0 slope=0.991 ped=-42 slope_cal=0.991 ped_cal=-42 g0rim=29142 rimbias=+0.0000 {'S_SKYMAT': 'COMPLETE', 'S_REFPIX': 'COMPLETE', 'READPATT': 'SHALLOW2'}
sgrb2  F210M nrca1     off=+0.003 (-0.16..+0.10) off_dn=+0 slope=1.010 ped=-63 slope_cal=1.009 ped_cal=-63 g0rim=-27 rimbias=-0.0004 {'S_SKYMAT': 'COMPLETE', 'S_REFPIX': 'COMPLETE', 'READPATT': 'SHALLOW2'}
sgrb2  F210M nrca2     off=+0.001 (-0.13..+0.11) off_dn=+0 slope=1.015 ped=-97 slope_cal=1.015 ped_cal=-97 g0rim=17018 rimbias=+0.0000 {'S_SKYMAT': 'COMPLETE', 'S_REFPIX': 'COMPLETE', 'READPATT': 'SHALLOW2'}
sgrb2  F210M nrca3     off=+0.004 (-0.16..+0.15) off_dn=+0 slope=1.009 ped=-36 slope_cal=1.009 ped_cal=-36 g0rim=22554 rimbias=+0.0000 {'S_SKYMAT': 'COMPLETE', 'S_REFPIX': 'COMPLETE', 'READPATT': 'SHALLOW2'}
sgrb2  F210M nrca4     off=+0.002 (-0.28..+0.31) off_dn=+0 slope=0.995 ped=-100 slope_cal=0.995 ped_cal=-101 g0rim=24899 rimbias=+0.0000 {'S_SKYMAT': 'COMPLETE', 'S_REFPIX': 'COMPLETE', 'READPATT': 'SHALLOW2'}
sgrb2  F210M nrcb1     off=-0.005 (-0.19..+0.15) off_dn=-0 slope=1.006 ped=-80 slope_cal=1.006 ped_cal=-80 g0rim=10480 rimbias=-0.0000 {'S_SKYMAT': 'COMPLETE', 'S_REFPIX': 'COMPLETE', 'READPATT': 'SHALLOW2'}
sgrb2  F210M nrcb2     off=+0.008 (-0.15..+0.12) off_dn=+0 slope=1.010 ped=-43 slope_cal=1.010 ped_cal=-44 g0rim=26668 rimbias=+0.0000 {'S_SKYMAT': 'COMPLETE', 'S_REFPIX': 'COMPLETE', 'READPATT': 'SHALLOW2'}
sgrb2  F210M nrcb3     off=+0.000 (-0.11..+0.14) off_dn=+0 slope=1.018 ped=-22 slope_cal=1.019 ped_cal=-22 g0rim=24233 rimbias=+0.0000 {'S_SKYMAT': 'COMPLETE', 'S_REFPIX': 'COMPLETE', 'READPATT': 'SHALLOW2'}
sgrb2  F210M nrcb4     off=+0.001 (-0.13..+0.19) off_dn=+0 slope=1.007 ped=-44 slope_cal=1.007 ped_cal=-44 g0rim=32287 rimbias=+0.0000 {'S_SKYMAT': 'COMPLETE', 'S_REFPIX': 'COMPLETE', 'READPATT': 'SHALLOW2'}
sgrb2  F360M nrcalong  off=+0.008 (-0.23..+0.65) off_dn=+0 slope=0.982 ped=-42 slope_cal=0.982 ped_cal=-57 g0rim=27710 rimbias=+0.0000 {'S_SKYMAT': 'COMPLETE', 'S_REFPIX': 'COMPLETE', 'READPATT': 'SHALLOW2'}
sgrb2  F360M nrcblong  off=+0.002 (-0.17..+0.18) off_dn=+0 slope=0.984 ped=-61 slope_cal=0.984 ped_cal=-62 g0rim=27987 rimbias=+0.0000 {'S_SKYMAT': 'COMPLETE', 'S_REFPIX': 'COMPLETE', 'READPATT': 'SHALLOW2'}
sgrb2  F480M nrcalong  off=+0.011 (-0.30..+2.55) off_dn=+0 slope=0.986 ped=-44 slope_cal=0.984 ped_cal=-59 g0rim=25610 rimbias=+0.0000 {'S_SKYMAT': 'COMPLETE', 'S_REFPIX': 'COMPLETE', 'READPATT': 'SHALLOW2'}
sgrb2  F480M nrcblong  off=+0.005 (-0.19..+0.29) off_dn=+0 slope=1.010 ped=-38 slope_cal=1.010 ped_cal=-40 g0rim=27698 rimbias=+0.0000 {'S_SKYMAT': 'COMPLETE', 'S_REFPIX': 'COMPLETE', 'READPATT': 'SHALLOW2'}
sgrc   F115W nrca1     off=+0.001 (-0.02..+0.02) off_dn=+0 slope=-0.000 ped=-6 slope_cal=-0.000 ped_cal=-6 g0rim=-32 rimbias=-0.0001 {'S_SKYMAT': None, 'S_REFPIX': 'COMPLETE', 'READPATT': 'SHALLOW2'}
sgrc   F115W nrca2     off=+0.000 (-0.03..+0.04) off_dn=+0 slope=-0.000 ped=-6 slope_cal=-0.000 ped_cal=-6 g0rim=789 rimbias=+0.0000 {'S_SKYMAT': None, 'S_REFPIX': 'COMPLETE', 'READPATT': 'SHALLOW2'}
sgrc   F115W nrca3     off=+0.000 (-0.02..+0.02) off_dn=+0 slope=-0.001 ped=-7 slope_cal=-0.001 ped_cal=-7 g0rim=549 rimbias=+0.0000 {'S_SKYMAT': None, 'S_REFPIX': 'COMPLETE', 'READPATT': 'SHALLOW2'}
sgrc   F115W nrca4     off=-0.000 (-0.02..+0.03) off_dn=-0 slope=-0.000 ped=-7 slope_cal=-0.000 ped_cal=-7 g0rim=373 rimbias=-0.0000 {'S_SKYMAT': None, 'S_REFPIX': 'COMPLETE', 'READPATT': 'SHALLOW2'}
sgrc   F115W nrcb1     off=+0.000 (-0.01..+0.01) off_dn=+0 slope=-0.000 ped=-7 slope_cal=-0.000 ped_cal=-6 g0rim=39 rimbias=+0.0000 {'S_SKYMAT': 'COMPLETE', 'S_REFPIX': 'COMPLETE', 'READPATT': 'SHALLOW2'}
sgrc   F115W nrcb2     off=+0.000 (-0.05..+0.04) off_dn=+0 slope=-0.001 ped=-7 slope_cal=-0.001 ped_cal=-7 g0rim=370 rimbias=+0.0000 {'S_SKYMAT': 'COMPLETE', 'S_REFPIX': 'COMPLETE', 'READPATT': 'SHALLOW2'}
sgrc   F115W nrcb3     off=+0.000 (-0.02..+0.02) off_dn=+0 slope=0.492 ped=+630 slope_cal=0.492 ped_cal=+630 g0rim=285 rimbias=+0.0000 {'S_SKYMAT': 'COMPLETE', 'S_REFPIX': 'COMPLETE', 'READPATT': 'SHALLOW2'}
sgrc   F115W nrcb4     off=+0.001 (-0.02..+0.03) off_dn=+0 slope=-0.000 ped=-7 slope_cal=-0.000 ped_cal=-7 g0rim=403 rimbias=+0.0000 {'S_SKYMAT': 'COMPLETE', 'S_REFPIX': 'COMPLETE', 'READPATT': 'SHALLOW2'}
sgrc   F162M nrca1     off=+0.002 (-0.13..+0.06) off_dn=+0 slope=-0.392 ped=-1433 slope_cal=-0.392 ped_cal=-1433 g0rim=12 rimbias=+0.0005 {'S_SKYMAT': None, 'S_REFPIX': 'COMPLETE', 'READPATT': 'SHALLOW2'}
sgrc   F162M nrca2     off=+0.002 (-0.04..+0.04) off_dn=+0 slope=-0.338 ped=-1401 slope_cal=-0.337 ped_cal=-1400 g0rim=471 rimbias=+0.0000 {'S_SKYMAT': None, 'S_REFPIX': 'COMPLETE', 'READPATT': 'SHALLOW2'}
sgrc   F162M nrca3     off=+0.001 (-0.05..+0.06) off_dn=+0 slope=-0.220 ped=-1537 slope_cal=-0.220 ped_cal=-1537 g0rim=392 rimbias=+0.0000 {'S_SKYMAT': None, 'S_REFPIX': 'COMPLETE', 'READPATT': 'SHALLOW2'}
sgrc   F162M nrca4     off=-0.000 (-0.06..+0.05) off_dn=-0 slope=-0.326 ped=-1357 slope_cal=-0.326 ped_cal=-1357 g0rim=342 rimbias=-0.0000 {'S_SKYMAT': None, 'S_REFPIX': 'COMPLETE', 'READPATT': 'SHALLOW2'}
sgrc   F162M nrcb1     off=-0.000 (-0.09..+0.09) off_dn=-0 slope=0.950 ped=-103 slope_cal=0.950 ped_cal=-103 g0rim=415 rimbias=-0.0000 {'S_SKYMAT': 'COMPLETE', 'S_REFPIX': 'COMPLETE', 'READPATT': 'SHALLOW2'}
sgrc   F162M nrcb2     off=+0.002 (-0.07..+0.10) off_dn=+0 slope=-0.174 ped=-1487 slope_cal=-0.174 ped_cal=-1487 g0rim=414 rimbias=+0.0000 {'S_SKYMAT': 'COMPLETE', 'S_REFPIX': 'COMPLETE', 'READPATT': 'SHALLOW2'}
sgrc   F162M nrcb3     off=-0.003 (-0.07..+0.07) off_dn=-0 slope=-0.187 ped=-1526 slope_cal=-0.187 ped_cal=-1526 g0rim=451 rimbias=-0.0000 {'S_SKYMAT': 'COMPLETE', 'S_REFPIX': 'COMPLETE', 'READPATT': 'SHALLOW2'}
sgrc   F162M nrcb4     off=+0.000 (-0.07..+0.05) off_dn=+0 slope=-0.214 ped=-1492 slope_cal=-0.214 ped_cal=-1492 g0rim=307 rimbias=+0.0000 {'S_SKYMAT': 'COMPLETE', 'S_REFPIX': 'COMPLETE', 'READPATT': 'SHALLOW2'}
sgrc   F360M nrcalong  off=+0.010 (-0.66..+0.82) off_dn=+0 slope=0.992 ped=-41 slope_cal=0.990 ped_cal=-43 g0rim=723 rimbias=+0.0002 {'S_SKYMAT': None, 'S_REFPIX': 'COMPLETE', 'READPATT': 'SHALLOW2'}
sgrc   F360M nrcblong  off=+0.021 (-1.46..+1.01) off_dn=+0 slope=1.005 ped=-48 slope_cal=1.003 ped_cal=-47 g0rim=730 rimbias=+0.0005 {'S_SKYMAT': 'COMPLETE', 'S_REFPIX': 'COMPLETE', 'READPATT': 'SHALLOW2'}
sgrc   F480M nrcalong  off=+0.013 (-1.13..+1.06) off_dn=+0 slope=0.866 ped=-185 slope_cal=0.865 ped_cal=-190 g0rim=570 rimbias=+0.0002 {'S_SKYMAT': None, 'S_REFPIX': 'COMPLETE', 'READPATT': 'SHALLOW2'}
sgrc   F480M nrcblong  off=-0.014 (-0.95..+1.43) off_dn=-0 slope=0.990 ped=-53 slope_cal=0.983 ped_cal=-60 g0rim=448 rimbias=-0.0003 {'S_SKYMAT': 'COMPLETE', 'S_REFPIX': 'COMPLETE', 'READPATT': 'SHALLOW2'}
wd2    F150W nrca1     off=+0.000 (+0.00..+0.00) off_dn=+0 slope=-0.001 ped=-13 slope_cal=-0.001 ped_cal=-13 g0rim=193 rimbias=+0.0000 {'S_SKYMAT': 'COMPLETE', 'S_REFPIX': 'COMPLETE', 'READPATT': 'SHALLOW4'}
wd2    F150W nrca2     off=+0.000 (+0.00..+0.00) off_dn=+0 slope=-0.000 ped=-20 slope_cal=-0.000 ped_cal=-20 g0rim=647 rimbias=+0.0000 {'S_SKYMAT': 'COMPLETE', 'S_REFPIX': 'COMPLETE', 'READPATT': 'SHALLOW4'}
wd2    F150W nrca3     off=+0.000 (+0.00..+0.00) off_dn=+0 slope=-0.001 ped=-12 slope_cal=-0.001 ped_cal=-12 g0rim=498 rimbias=+0.0000 {'S_SKYMAT': 'COMPLETE', 'S_REFPIX': 'COMPLETE', 'READPATT': 'SHALLOW4'}
wd2    F150W nrca4     off=+0.000 (+0.00..+0.00) off_dn=+0 slope=-0.130 ped=-366 slope_cal=-0.130 ped_cal=-366 g0rim=689 rimbias=+0.0000 {'S_SKYMAT': 'COMPLETE', 'S_REFPIX': 'COMPLETE', 'READPATT': 'SHALLOW4'}
wd2    F150W nrcb1     off=+0.000 (+0.00..+0.00) off_dn=+0 slope=0.949 ped=+12 slope_cal=0.949 ped_cal=+12 g0rim=783 rimbias=+0.0000 {'S_SKYMAT': 'COMPLETE', 'S_REFPIX': 'COMPLETE', 'READPATT': 'SHALLOW4'}
wd2    F150W nrcb2     off=+0.000 (+0.00..+0.00) off_dn=+0 slope=0.857 ped=-44 slope_cal=0.857 ped_cal=-44 g0rim=713 rimbias=+0.0000 {'S_SKYMAT': 'COMPLETE', 'S_REFPIX': 'COMPLETE', 'READPATT': 'SHALLOW4'}
wd2    F150W nrcb3     off=+0.000 (+0.00..+0.00) off_dn=+0 slope=0.962 ped=-5 slope_cal=0.962 ped_cal=-5 g0rim=1026 rimbias=+0.0000 {'S_SKYMAT': 'COMPLETE', 'S_REFPIX': 'COMPLETE', 'READPATT': 'SHALLOW4'}
wd2    F150W nrcb4     off=+0.000 (+0.00..+0.00) off_dn=+0 slope=0.407 ped=-301 slope_cal=0.407 ped_cal=-301 g0rim=687 rimbias=+0.0000 {'S_SKYMAT': 'COMPLETE', 'S_REFPIX': 'COMPLETE', 'READPATT': 'SHALLOW4'}
wd2    F200W nrca1     off=+0.000 (+0.00..+0.00) off_dn=+0 slope=-0.299 ped=-889 slope_cal=-0.299 ped_cal=-889 g0rim=293 rimbias=+0.0000 {'S_SKYMAT': 'COMPLETE', 'S_REFPIX': 'COMPLETE', 'READPATT': 'SHALLOW4'}
wd2    F200W nrca2     off=+0.000 (+0.00..+0.00) off_dn=+0 slope=-0.102 ped=-1239 slope_cal=-0.102 ped_cal=-1239 g0rim=763 rimbias=+0.0000 {'S_SKYMAT': 'COMPLETE', 'S_REFPIX': 'COMPLETE', 'READPATT': 'SHALLOW4'}
wd2    F200W nrca3     off=+0.000 (+0.00..+0.00) off_dn=+0 slope=-0.125 ped=-1296 slope_cal=-0.125 ped_cal=-1296 g0rim=771 rimbias=+0.0000 {'S_SKYMAT': 'COMPLETE', 'S_REFPIX': 'COMPLETE', 'READPATT': 'SHALLOW4'}
wd2    F200W nrca4     off=+0.000 (+0.00..+0.00) off_dn=+0 slope=-0.128 ped=-1311 slope_cal=-0.128 ped_cal=-1311 g0rim=893 rimbias=+0.0000 {'S_SKYMAT': 'COMPLETE', 'S_REFPIX': 'COMPLETE', 'READPATT': 'SHALLOW4'}
wd2    F200W nrcb1     off=+0.000 (+0.00..+0.00) off_dn=+0 slope=0.961 ped=+2 slope_cal=0.961 ped_cal=+2 g0rim=887 rimbias=+0.0000 {'S_SKYMAT': 'COMPLETE', 'S_REFPIX': 'COMPLETE', 'READPATT': 'SHALLOW4'}
wd2    F200W nrcb2     off=+0.000 (+0.00..+0.00) off_dn=+0 slope=0.927 ped=-38 slope_cal=0.927 ped_cal=-38 g0rim=767 rimbias=+0.0000 {'S_SKYMAT': 'COMPLETE', 'S_REFPIX': 'COMPLETE', 'READPATT': 'SHALLOW4'}
wd2    F200W nrcb3     off=+0.000 (+0.00..+0.00) off_dn=+0 slope=0.964 ped=-21 slope_cal=0.964 ped_cal=-21 g0rim=1134 rimbias=+0.0000 {'S_SKYMAT': 'COMPLETE', 'S_REFPIX': 'COMPLETE', 'READPATT': 'SHALLOW4'}
wd2    F200W nrcb4     off=+0.000 (+0.00..+0.00) off_dn=+0 slope=-0.114 ped=-1346 slope_cal=-0.114 ped_cal=-1346 g0rim=787 rimbias=+0.0000 {'S_SKYMAT': 'COMPLETE', 'S_REFPIX': 'COMPLETE', 'READPATT': 'SHALLOW4'}
wd2    F250M nrcalong  off=+0.000 (+0.00..+0.00) off_dn=+0 slope=-0.151 ped=-459 slope_cal=-0.151 ped_cal=-459 g0rim=520 rimbias=+0.0000 {'S_SKYMAT': 'COMPLETE', 'S_REFPIX': 'COMPLETE', 'READPATT': 'SHALLOW4'}
wd2    F250M nrcblong  off=+0.000 (+0.00..+0.00) off_dn=+0 slope=0.799 ped=-151 slope_cal=0.799 ped_cal=-151 g0rim=550 rimbias=+0.0000 {'S_SKYMAT': 'COMPLETE', 'S_REFPIX': 'COMPLETE', 'READPATT': 'SHALLOW4'}
wd2    F300M nrcalong  off=+0.000 (+0.00..+0.00) off_dn=+0 slope=-0.298 ped=-1192 slope_cal=-0.298 ped_cal=-1192 g0rim=598 rimbias=+0.0000 {'S_SKYMAT': 'COMPLETE', 'S_REFPIX': 'COMPLETE', 'READPATT': 'SHALLOW4'}
wd2    F300M nrcblong  off=+0.000 (+0.00..+0.00) off_dn=+0 slope=0.864 ped=-111 slope_cal=0.864 ped_cal=-111 g0rim=616 rimbias=+0.0000 {'S_SKYMAT': 'COMPLETE', 'S_REFPIX': 'COMPLETE', 'READPATT': 'SHALLOW4'}
ALLDONE 80
