main2kf matched 15612, main2 matched 15622; only main2kf 19, only main2 29
offset dra -42.3 mas ddec 4.2 mas

== only main2kf: 19
nearest B row sep ("): <0.08 1  0.08-0.15 2  0.15-0.3 9  >=0.3 7
nearest B row already matched to another dolphot star: 8
dist to nearest B saturated row ("): <1 12  1-3 7  3-10 0  >=10 0
dist to nearest A saturated row ("): <1 11  1-3 8  3-10 0  >=10 0
dolphot F200W: [0 1 1 0 3 3] no F200W 11

== only main2: 29
nearest B row sep ("): <0.08 29  0.08-0.15 0  0.15-0.3 0  >=0.3 0
nearest B row already matched to another dolphot star: 29
dist to nearest B saturated row ("): <1 11  1-3 18  3-10 0  >=10 0
dist to nearest A saturated row ("): <1 12  1-3 17  3-10 0  >=10 0
dolphot F200W: [0 2 0 1 2 3] no F200W 21

A rows of lost stars: spike_artifact 4  n_real_bands median 1.0  n_merged median 1.0
skycoord_ref_filtername: {np.bytes_(b'f115w'): np.int64(1), np.bytes_(b'f162m'): np.int64(3), np.bytes_(b'f164n'): np.int64(2), np.bytes_(b'f187n'): np.int64(2), np.bytes_(b'f200w'): np.int64(4), np.bytes_(b'f250m'): np.int64(3), np.bytes_(b'f300m'): np.int64(2), np.bytes_(b'f410m'): np.int64(2)}
  i           RA                 DEC         F200W          sepB               dsatB        takenB  Arow  Brow
                                                           arcsec              arcsec                         
----- ------------------ ------------------- ------ ------------------- ------------------- ------ ----- -----
 1248 155.95104979307234  -57.77250268777836 18.486 0.07883708679193425 0.07883708679193425    509 44467  1412
12269  155.8976905712085  -57.76511660600299     --  0.2633572267716309  0.2633572267716309   2659 46516  1707
 4383  156.0250886012403  -57.75146802543324 16.517 0.27121603924885235 0.27121603924885235     -1  5358 18102
 8803 156.02227551398087  -57.74545560045306     -- 0.48188345081862294 0.48188345081862294   4359 13549  5500
13157 156.01014591860184 -57.740737343822275 22.604 0.48764172993865074 0.48764172993865074   4367 17861  4488
16179 155.99033438568134 -57.732474635254206 21.474 0.49515442308765406   0.549033542033135     -1 32598 32560
13852 156.02398216070304  -57.75198572852122     --  0.3421657721353253  0.7260209229335142   7496 34632  5156
12458 155.92844521426574  -57.75556825704696 23.947 0.24698242607959467  0.8160905372443067     -1 34409 49610
14718 155.98074648224454  -57.74872074136335 24.352 0.20743712089053612  0.8519787227434357  13577 18703 17048
15467 155.99606679933413  -57.73569478698633 22.932 0.22287280383018387  0.9564705960071385   8680 34699 12222
15096 155.92435623070978 -57.785930425181995     --  0.3084077085888724  0.9809914279164337     -1 46499 36241
18162 156.01444449360105  -57.73805431284762     -- 0.10055332464310582   0.989030913941458     -1 22399 49215
18784  155.9262200342635 -57.761771145213224     --  0.2614246263726499  1.0064234291039529     -1 21215 21111
18110 155.99945660250654 -57.743085706920986     --  0.8330624279828359  1.0221665366995887  17748 45069  9976
17794 155.99566325655758  -57.76294239922608     -- 0.27536172813888843  1.0332167123819507     -1 11159 49393
18626 155.98968834965638  -57.76477023169603     -- 0.08647285570621749  1.0940489044564274     -1 18387 18444
14786  155.9867885965204  -57.75773527731989   24.4  0.8145989425729491   1.417851557850474     -1 34757 28226
15469 156.00931424470977  -57.73484702592328     -- 0.20011394061027163  1.5486298495812116     -1 45014 39668
18624 155.97575618242155  -57.74369577974916     -- 0.24723525602258592  1.8027344343882243     -1 34065 29444
