main2 matched 15622, main2kf matched 15612; only main2 29, only main2kf 19
offset dra -42.3 mas ddec 4.2 mas

== only main2: 29
nearest B row sep ("): <0.08 2  0.08-0.15 1  0.15-0.3 10  >=0.3 16
nearest B row already matched to another dolphot star: 10
dist to nearest B saturated row ("): <1 12  1-3 17  3-10 0  >=10 0
dist to nearest A saturated row ("): <1 11  1-3 18  3-10 0  >=10 0
dolphot F200W: [0 2 0 1 2 3] no F200W 21

== only main2kf: 19
nearest B row sep ("): <0.08 19  0.08-0.15 0  0.15-0.3 0  >=0.3 0
nearest B row already matched to another dolphot star: 19
dist to nearest B saturated row ("): <1 11  1-3 8  3-10 0  >=10 0
dist to nearest A saturated row ("): <1 12  1-3 7  3-10 0  >=10 0
dolphot F200W: [0 1 1 0 3 3] no F200W 11

A rows of lost stars: spike_artifact 3  n_real_bands median 1.0  n_merged median 1.0
skycoord_ref_filtername: {np.bytes_(b'f115w'): np.int64(2), np.bytes_(b'f150w'): np.int64(4), np.bytes_(b'f162m'): np.int64(4), np.bytes_(b'f164n'): np.int64(1), np.bytes_(b'f182m'): np.int64(1), np.bytes_(b'f187n'): np.int64(1), np.bytes_(b'f200w'): np.int64(2), np.bytes_(b'f212n'): np.int64(1), np.bytes_(b'f250m'): np.int64(9), np.bytes_(b'f277w'): np.int64(2), np.bytes_(b'f300m'): np.int64(1), np.bytes_(b'f410m'): np.int64(1)}
  i           RA                 DEC         F200W          sepB                dsatB         takenB  Arow  Brow
                                                           arcsec               arcsec                          
----- ------------------ ------------------- ------ -------------------- -------------------- ------ ----- -----
   44  155.9459633501758 -57.766472621850454 15.826 0.050642194820231606 0.050642194820231606     40 31949  3529
 4009 156.00308246283717  -57.75911386724143 16.248   0.0623509992853714   0.0623509992853714   3927 13908  7640
 2372 155.91530792208133 -57.795631516935345     --   0.1590688479550443   0.1590688479550443   1112 46696   585
11408 155.93832008990762  -57.78443570543797     --  0.18906068763242917  0.18906068763242917  17386 15573  3393
15368 156.00331982950874 -57.756567621080535 19.289  0.16889146709799202   0.3776285229144152     -1 14091 47792
13327 155.99940911149974  -57.74478737603168  22.91  0.22297537463203754  0.41376503530139436     -1 45562 22434
 9865 156.01711558355453  -57.75444643739269     --   0.4749781338763858   0.4749781338763858   3680 17980  9392
 9077 155.98014650179582  -57.75310626452991     --   0.2947766892024916  0.48984713913919675     -1 30778 25502
15693 155.93031577021756 -57.775918273555725 22.736  0.08982292241737128   0.5454609690496012     -1 34565 36818
15387 155.99727453414178  -57.76278304362677     --    0.183963803184107   0.6542616486587943     -1 18453 33704
14176 156.00764611877347  -57.75226834997034     --   0.6649722201231898   0.9445259420008146   9194 38696  9357
14506 156.00711187509003  -57.72894556639361 24.067   0.9653921159515337   0.9653921159515337   4454 16169  5814
14483 156.01903431343692  -57.75108483703217     --  0.23066607540558384   1.0015710130643363     -1 17956 13564
10558 155.99972598093248 -57.730297548933606     --   0.2613866892265345   1.0124976640874563     -1 45692 46109
15457 155.98872022910723  -57.74447899403758     --   0.6840738455693592   1.0185211592226706     -1 18787 10604
18995  155.9878161814978  -57.75769345041836     --   0.3357518209526417   1.2239334372006168   8769 11378 16453
14440  156.0074773753526  -57.74891041026913     --  0.37548786706085513   1.2297480621127954  10068 15929 17888
18491 155.92801756708582  -57.79050247641339     --   0.9528572250771981   1.2883326731593043   1394 44782   595
18802 155.89908779563996 -57.765697552548325     --    0.396453450173595   1.5139389957936433     -1 44696 30252
17988  156.0163009891875  -57.73870106526136     --   0.7988364801718604   1.5254062086276334     -1 22570 37738
17732 155.97941355185282  -57.75257971512509     --  0.17543873391916526   1.5294391289979583     -1 45559 46045
17921 155.92862005816636   -57.7868623233756     --   0.5042159268195896   1.5295794408023662     -1 44873 47768
18033  155.9735312071994  -57.74640341091293     --   0.9714527318183052    1.529918344209413     -1 45697 30978
18113  155.9931469246174 -57.756014083997606     --  0.31457188860850954   1.5306955958319672     -1 45185 10715
17833 155.98088533079022  -57.76163406352163     --   0.1937060441842538   1.5453323704363484     -1 45408 41166
11755 155.92296204686366 -57.790000633817336     --  0.42091592906746345   1.5924513857431581     -1 34329 20977
14426  156.0043663313061 -57.748549968393874 23.999   0.4422192256263828   1.6059518100438521     -1 15715 49163
18573 155.91966158436486  -57.76715594959804     --   0.8386411464547018   2.1680178221003055     -1 45932 51150
16954  155.9252079992579  -57.75113079896822 25.323  0.44924958835322004   2.3747780329859687     -1 45916 21003
