**WARNING**: LOCAL JWST PRD VERSION PRDOPSSOC-072 DOESN'T MATCH THE CURRENT ONLINE VERSION PRDOPSSOC-075
Please consider updating pysiaf, e.g. pip install --upgrade pysiaf or conda update pysiaf
satstar zeroframe: using ramp first read SCI[0,0] from /orange/adamginsburg/jwst/w51/F140M/pipeline/jw06151001001_03109_00001_nrcb4_ramp.fits
satstar zeroframe: first frame (ZEROFRAME ext, NFRAMES=2) from /orange/adamginsburg/jwst/w51/F140M/pipeline/jw06151001001_03109_00001_nrcb4_ramp.fits
satstar zeroframe: 7711 px saturated or DO_NOT_USE in the first read (GROUPDQ) from /orange/adamginsburg/jwst/w51/F140M/pipeline/jw06151001001_03109_00001_nrcb4_ramp.fits
satstar zeroframe: cal - crf level from jw06151001001_03109_00001_nrcb4_cal.fits, median 0.589 MJy/sr
ROW w51 F140M nrcb4 D50=+0.589 Dfar=+0.585 B=-577 B_D=-575 sat c/h/hD 49/49/49 buf 0/0/0 h/c=0.990 hD/c=0.986 g0rim=484
satstar zeroframe: using ramp first read SCI[0,0] from /orange/adamginsburg/jwst/w51/F162M/pipeline/jw06151001001_03103_00001_nrcb4_ramp.fits
satstar zeroframe: first frame (ZEROFRAME ext, NFRAMES=2) from /orange/adamginsburg/jwst/w51/F162M/pipeline/jw06151001001_03103_00001_nrcb4_ramp.fits
satstar zeroframe: 7745 px saturated or DO_NOT_USE in the first read (GROUPDQ) from /orange/adamginsburg/jwst/w51/F162M/pipeline/jw06151001001_03103_00001_nrcb4_ramp.fits
satstar zeroframe: cal - crf level from jw06151001001_03103_00001_nrcb4_cal.fits, median 0.846 MJy/sr
ROW w51 F162M nrcb4 D50=+0.846 Dfar=+0.846 B=-55 B_D=-51 sat c/h/hD 110/110/110 buf 3/1/1 h/c=1.035 hD/c=1.029 g0rim=567
satstar zeroframe: using ramp first read SCI[0,0] from /orange/adamginsburg/jwst/w51/F182M/pipeline/jw06151001001_03105_00001_nrcb4_ramp.fits
satstar zeroframe: first frame (ZEROFRAME ext, NFRAMES=2) from /orange/adamginsburg/jwst/w51/F182M/pipeline/jw06151001001_03105_00001_nrcb4_ramp.fits
satstar zeroframe: 7769 px saturated or DO_NOT_USE in the first read (GROUPDQ) from /orange/adamginsburg/jwst/w51/F182M/pipeline/jw06151001001_03105_00001_nrcb4_ramp.fits
satstar zeroframe: cal - crf level from jw06151001001_03105_00001_nrcb4_cal.fits, median 2.03 MJy/sr
ROW w51 F182M nrcb4 D50=+2.03 Dfar=+2.03 B=-11 B_D=+1 sat c/h/hD 87/87/87 buf 2/1/1 h/c=1.035 hD/c=1.000 g0rim=356
satstar zeroframe: using ramp first read SCI[0,0] from /orange/adamginsburg/jwst/w51/F187N/pipeline/jw06151001001_03101_00001_nrcb4_ramp.fits
satstar zeroframe: first frame (ZEROFRAME ext, NFRAMES=2) from /orange/adamginsburg/jwst/w51/F187N/pipeline/jw06151001001_03101_00001_nrcb4_ramp.fits
satstar zeroframe: 7643 px saturated or DO_NOT_USE in the first read (GROUPDQ) from /orange/adamginsburg/jwst/w51/F187N/pipeline/jw06151001001_03101_00001_nrcb4_ramp.fits
satstar zeroframe: cal - crf level from jw06151001001_03101_00001_nrcb4_cal.fits, median 9.78 MJy/sr
ROW w51 F187N nrcb4 D50=+9.78 Dfar=+9.14 B=-734 B_D=-724 sat c/h/hD 11/11/11 buf 0/0/0 h/c=1.000 hD/c=0.989 g0rim=256
satstar zeroframe: using ramp first read SCI[0,0] from /orange/adamginsburg/jwst/w51/F210M/pipeline/jw06151001001_03107_00001_nrcb4_ramp.fits
satstar zeroframe: first frame (ZEROFRAME ext, NFRAMES=2) from /orange/adamginsburg/jwst/w51/F210M/pipeline/jw06151001001_03107_00001_nrcb4_ramp.fits
satstar zeroframe: 7736 px saturated or DO_NOT_USE in the first read (GROUPDQ) from /orange/adamginsburg/jwst/w51/F210M/pipeline/jw06151001001_03107_00001_nrcb4_ramp.fits
satstar zeroframe: cal - crf level from jw06151001001_03107_00001_nrcb4_cal.fits, median 1.89 MJy/sr
ROW w51 F210M nrcb4 D50=+1.89 Dfar=+2 B=-4 B_D=+7 sat c/h/hD 78/78/78 buf 0/0/0 h/c=1.027 hD/c=1.003 g0rim=242
satstar zeroframe: using ramp first read SCI[0,0] from /orange/adamginsburg/jwst/w51/F410M/pipeline/jw06151001001_03107_00001_nrcblong_ramp.fits
satstar zeroframe: first frame (ZEROFRAME ext, NFRAMES=2) from /orange/adamginsburg/jwst/w51/F410M/pipeline/jw06151001001_03107_00001_nrcblong_ramp.fits
satstar zeroframe: 66830 px saturated or DO_NOT_USE in the first read (GROUPDQ) from /orange/adamginsburg/jwst/w51/F410M/pipeline/jw06151001001_03107_00001_nrcblong_ramp.fits
satstar zeroframe: cal - crf level from jw06151001001_03107_00001_nrcblong_cal.fits, median 9.59 MJy/sr
ROW w51 F410M nrcblong D50=+9.59 Dfar=+19.1 B=-316 B_D=+44 sat c/h/hD 1359/1359/1359 buf 647/27/1243 h/c=1.154 hD/c=0.876 g0rim=1584
satstar zeroframe: using ramp first read SCI[0,0] from /orange/adamginsburg/jwst/brick/F115W/pipeline/jw01182004001_02101_00001_nrcb2_ramp.fits
satstar zeroframe: first frame (ZEROFRAME ext, NFRAMES=2) from /orange/adamginsburg/jwst/brick/F115W/pipeline/jw01182004001_02101_00001_nrcb2_ramp.fits
satstar zeroframe: 5346 px saturated or DO_NOT_USE in the first read (GROUPDQ) from /orange/adamginsburg/jwst/brick/F115W/pipeline/jw01182004001_02101_00001_nrcb2_ramp.fits
satstar zeroframe: cal - crf level from jw01182004001_02101_00001_nrcb2_cal.fits, median 1.01 MJy/sr
ROW brick F115W nrcb2 D50=+1.01 Dfar=+1.01 B=-17 B_D=-12 sat c/h/hD 0/0/0 buf 1/0/0 h/c=nan hD/c=nan g0rim=nan
satstar zeroframe: using ramp first read SCI[0,0] from /orange/adamginsburg/jwst/brick/F200W/pipeline/jw01182004001_04101_00001_nrcb2_ramp.fits
satstar zeroframe: first frame (ZEROFRAME ext, NFRAMES=2) from /orange/adamginsburg/jwst/brick/F200W/pipeline/jw01182004001_04101_00001_nrcb2_ramp.fits
satstar zeroframe: 8472 px saturated or DO_NOT_USE in the first read (GROUPDQ) from /orange/adamginsburg/jwst/brick/F200W/pipeline/jw01182004001_04101_00001_nrcb2_ramp.fits
satstar zeroframe: cal - crf level from jw01182004001_04101_00001_nrcb2_cal.fits, median 4.74 MJy/sr
ROW brick F200W nrcb2 D50=+4.74 Dfar=+4.89 B=-13 B_D=+27 sat c/h/hD 0/0/0 buf 106/84/116 h/c=nan hD/c=nan g0rim=nan
satstar zeroframe: using ramp first read SCI[0,0] from /orange/adamginsburg/jwst/sgrb2/F150W/pipeline/jw05365001001_13101_00001_nrca2_ramp.fits
satstar zeroframe: first frame (ZEROFRAME ext, NFRAMES=2) from /orange/adamginsburg/jwst/sgrb2/F150W/pipeline/jw05365001001_13101_00001_nrca2_ramp.fits
satstar zeroframe: 5691 px saturated or DO_NOT_USE in the first read (GROUPDQ) from /orange/adamginsburg/jwst/sgrb2/F150W/pipeline/jw05365001001_13101_00001_nrca2_ramp.fits
satstar zeroframe: cal - crf level from jw05365001001_13101_00001_nrca2_cal.fits, median -0.000259 MJy/sr
ROW sgrb2 F150W nrca2 D50=-0.000259 Dfar=+0.0178 B=+102 B_D=+102 sat c/h/hD 0/0/0 buf 46/67/67 h/c=nan hD/c=nan g0rim=nan
satstar zeroframe: using ramp first read SCI[0,0] from /orange/adamginsburg/jwst/sgrb2/F210M/pipeline/jw05365001001_09101_00001_nrca2_ramp.fits
satstar zeroframe: first frame (ZEROFRAME ext, NFRAMES=2) from /orange/adamginsburg/jwst/sgrb2/F210M/pipeline/jw05365001001_09101_00001_nrca2_ramp.fits
satstar zeroframe: 6238 px saturated or DO_NOT_USE in the first read (GROUPDQ) from /orange/adamginsburg/jwst/sgrb2/F210M/pipeline/jw05365001001_09101_00001_nrca2_ramp.fits
satstar zeroframe: cal - crf level from jw05365001001_09101_00001_nrca2_cal.fits, median 0.00107 MJy/sr
ROW sgrb2 F210M nrca2 D50=+0.00107 Dfar=+0.0684 B=+113 B_D=+113 sat c/h/hD 0/0/0 buf 92/124/124 h/c=nan hD/c=nan g0rim=nan
satstar zeroframe: using ramp first read SCI[0,0] from /orange/adamginsburg/jwst/sgrb2/F360M/pipeline/jw05365001001_13101_00001_nrcblong_ramp.fits
satstar zeroframe: first frame (ZEROFRAME ext, NFRAMES=2) from /orange/adamginsburg/jwst/sgrb2/F360M/pipeline/jw05365001001_13101_00001_nrcblong_ramp.fits
satstar zeroframe: 62895 px saturated or DO_NOT_USE in the first read (GROUPDQ) from /orange/adamginsburg/jwst/sgrb2/F360M/pipeline/jw05365001001_13101_00001_nrcblong_ramp.fits
satstar zeroframe: cal - crf level from jw05365001001_13101_00001_nrcblong_cal.fits, median 0.00131 MJy/sr
ROW sgrb2 F360M nrcblong D50=+0.00131 Dfar=+0.0325 B=+27 B_D=+28 sat c/h/hD 0/0/0 buf 271/231/228 h/c=nan hD/c=nan g0rim=nan
satstar zeroframe: using ramp first read SCI[0,0] from /orange/adamginsburg/jwst/sgrc/F115W/pipeline/jw04147012001_08101_00001_nrcb2_ramp.fits
satstar zeroframe: first frame (ZEROFRAME ext, NFRAMES=2) from /orange/adamginsburg/jwst/sgrc/F115W/pipeline/jw04147012001_08101_00001_nrcb2_ramp.fits
satstar zeroframe: 10034 px saturated or DO_NOT_USE in the first read (GROUPDQ) from /orange/adamginsburg/jwst/sgrc/F115W/pipeline/jw04147012001_08101_00001_nrcb2_ramp.fits
satstar zeroframe: cal - crf level from jw04147012001_08101_00001_nrcb2_cal.fits, median 0.000322 MJy/sr
ROW sgrc F115W nrcb2 D50=+0.000322 Dfar=+0.000216 B=-673 B_D=-673 sat c/h/hD 1/1/1 buf 0/0/0 h/c=1.001 hD/c=1.001 g0rim=410
satstar zeroframe: using ramp first read SCI[0,0] from /orange/adamginsburg/jwst/sgrc/F162M/pipeline/jw04147012001_04101_00001_nrcb2_ramp.fits
satstar zeroframe: first frame (ZEROFRAME ext, NFRAMES=2) from /orange/adamginsburg/jwst/sgrc/F162M/pipeline/jw04147012001_04101_00001_nrcb2_ramp.fits
satstar zeroframe: 10341 px saturated or DO_NOT_USE in the first read (GROUPDQ) from /orange/adamginsburg/jwst/sgrc/F162M/pipeline/jw04147012001_04101_00001_nrcb2_ramp.fits
satstar zeroframe: cal - crf level from jw04147012001_04101_00001_nrcb2_cal.fits, median 0.00177 MJy/sr
ROW sgrc F162M nrcb2 D50=+0.00177 Dfar=+0.016 B=+36 B_D=+36 sat c/h/hD 16/16/16 buf 0/0/0 h/c=1.014 hD/c=1.013 g0rim=995
satstar zeroframe: using ramp first read SCI[0,0] from /orange/adamginsburg/jwst/wd2/F150W/pipeline/jw03523005001_10101_00001_nrca2_ramp.fits
satstar zeroframe: first frame (ZEROFRAME ext, NFRAMES=4) from /orange/adamginsburg/jwst/wd2/F150W/pipeline/jw03523005001_10101_00001_nrca2_ramp.fits
satstar zeroframe: 5158 px saturated or DO_NOT_USE in the first read (GROUPDQ) from /orange/adamginsburg/jwst/wd2/F150W/pipeline/jw03523005001_10101_00001_nrca2_ramp.fits
ROW wd2 F150W nrca2 D50=+0 Dfar=+0 B=-617 B_D=-617 sat c/h/hD 31/31/31 buf 2/2/2 h/c=0.996 hD/c=0.996 g0rim=70
satstar zeroframe: using ramp first read SCI[0,0] from /orange/adamginsburg/jwst/wd2/F200W/pipeline/jw03523005001_12101_00001_nrca2_ramp.fits
satstar zeroframe: first frame (ZEROFRAME ext, NFRAMES=4) from /orange/adamginsburg/jwst/wd2/F200W/pipeline/jw03523005001_12101_00001_nrca2_ramp.fits
satstar zeroframe: 5177 px saturated or DO_NOT_USE in the first read (GROUPDQ) from /orange/adamginsburg/jwst/wd2/F200W/pipeline/jw03523005001_12101_00001_nrca2_ramp.fits
ROW wd2 F200W nrca2 D50=+0 Dfar=+0 B=-27 B_D=-27 sat c/h/hD 60/60/60 buf 6/6/6 h/c=1.001 hD/c=1.001 g0rim=534
satstar zeroframe: using ramp first read SCI[0,0] from /orange/adamginsburg/jwst/wd2/F250M/pipeline/jw03523005001_04101_00001_nrcblong_ramp.fits
satstar zeroframe: first frame (ZEROFRAME ext, NFRAMES=4) from /orange/adamginsburg/jwst/wd2/F250M/pipeline/jw03523005001_04101_00001_nrcblong_ramp.fits
satstar zeroframe: 65498 px saturated or DO_NOT_USE in the first read (GROUPDQ) from /orange/adamginsburg/jwst/wd2/F250M/pipeline/jw03523005001_04101_00001_nrcblong_ramp.fits
ROW wd2 F250M nrcblong D50=+0 Dfar=+0 B=-6 B_D=-6 sat c/h/hD 565/565/565 buf 124/78/78 h/c=1.006 hD/c=1.006 g0rim=995
ALLDONE 16
